main.c:74:9:decToBcd	16	static
main.c:79:5:bcdToDec	16	static
main.c:98:6:Set_Time	48	static
main.c:112:6:Get_Time	32	static
main.c:125:5:Get_Temp	40	static
main.c:133:6:force_temp_conv	32	static
main.c:158:5:main	24	static
main.c:241:6:SystemClock_Config	88	static
main.c:285:13:MX_I2C1_Init	8	static
main.c:319:13:MX_TIM2_Init	64	static
main.c:378:13:MX_GPIO_Init	56	static
main.c:504:6:Time_show	24	static
main.c:543:6:Buzzer_ring	16	static
main.c:577:6:Button_click	16	static,ignoring_inline_asm
main.c:605:6:HAL_TIM_PeriodElapsedCallback	16	static
main.c:622:6:Error_Handler	4	static,ignoring_inline_asm
