tasks.c:731:13:xTaskCreate	56	static
tasks.c:822:13:prvInitialiseNewTask	40	static,ignoring_inline_asm
tasks.c:1073:13:prvAddNewTaskToReadyList	16	static,ignoring_inline_asm
tasks.c:1158:7:vTaskDelete	24	static,ignoring_inline_asm
tasks.c:1250:7:vTaskDelayUntil	48	static,ignoring_inline_asm
tasks.c:1334:7:vTaskDelay	24	static,ignoring_inline_asm
tasks.c:1379:13:eTaskGetState	40	static,ignoring_inline_asm
tasks.c:1471:14:uxTaskPriorityGet	24	static
tasks.c:1493:14:uxTaskPriorityGetFromISR	40	static,ignoring_inline_asm
tasks.c:1533:7:vTaskPrioritySet	40	static,ignoring_inline_asm
tasks.c:1697:7:vTaskSuspend	24	static,ignoring_inline_asm
tasks.c:1798:20:prvTaskIsTaskSuspended	32	static,ignoring_inline_asm
tasks.c:1844:7:vTaskResume	24	static,ignoring_inline_asm
tasks.c:1898:13:xTaskResumeFromISR	48	static,ignoring_inline_asm
tasks.c:1968:6:vTaskStartScheduler	32	static,ignoring_inline_asm
tasks.c:2090:6:vTaskEndScheduler	16	static,ignoring_inline_asm
tasks.c:2101:6:vTaskSuspendAll	4	static,ignoring_inline_asm
tasks.c:2175:12:xTaskResumeAll	24	static,ignoring_inline_asm
tasks.c:2285:12:xTaskGetTickCount	16	static
tasks.c:2300:12:xTaskGetTickCountFromISR	16	static
tasks.c:2331:13:uxTaskGetNumberOfTasks	4	static
tasks.c:2339:7:pcTaskGetName	24	static,ignoring_inline_asm
tasks.c:2486:14:uxTaskGetSystemState	32	static
tasks.c:2666:12:xTaskIncrementTick	32	static,ignoring_inline_asm
tasks.c:2948:6:vTaskSwitchContext	32	static,ignoring_inline_asm
tasks.c:3021:6:vTaskPlaceOnEventList	24	static,ignoring_inline_asm
tasks.c:3038:6:vTaskPlaceOnUnorderedEventList	32	static,ignoring_inline_asm
tasks.c:3064:7:vTaskPlaceOnEventListRestricted	32	static,ignoring_inline_asm
tasks.c:3095:12:xTaskRemoveFromEventList	32	static,ignoring_inline_asm
tasks.c:3163:6:vTaskRemoveFromUnorderedEventList	32	static,ignoring_inline_asm
tasks.c:3197:6:vTaskSetTimeOutState	24	static,ignoring_inline_asm
tasks.c:3209:6:vTaskInternalSetTimeOutState	16	static
tasks.c:3217:12:xTaskCheckForTimeOut	40	static,ignoring_inline_asm
tasks.c:3280:6:vTaskMissedYield	4	static
tasks.c:3288:14:uxTaskGetTaskNumber	24	static
tasks.c:3311:7:vTaskSetTaskNumber	24	static
tasks.c:3335:8:prvIdleTask	16	static,ignoring_inline_asm
tasks.c:3547:13:prvInitialiseTaskLists	16	static
tasks.c:3579:13:prvCheckTasksWaitingTermination	16	static
tasks.c:3610:7:vTaskGetInfo	32	static
tasks.c:3706:21:prvListTasksWithinSingleList	48	static
tasks.c:3739:32:prvTaskCheckFreeStackSpace	24	static
tasks.c:3827:14:prvDeleteTCB	16	static
tasks.c:3881:13:prvResetNextTaskUnblockTime	16	static
tasks.c:3907:15:xTaskGetCurrentTaskHandle	16	static
tasks.c:3924:13:xTaskGetSchedulerState	16	static
tasks.c:3952:13:xTaskPriorityInherit	24	static
tasks.c:4039:13:xTaskPriorityDisinherit	32	static,ignoring_inline_asm
tasks.c:4119:7:vTaskPriorityDisinheritAfterTimeout	40	static,ignoring_inline_asm
tasks.c:4534:12:uxTaskResetEventItemValue	16	static
tasks.c:4550:15:pvTaskIncrementMutexHeldCount	4	static
tasks.c:4567:11:ulTaskNotifyTake	24	static,ignoring_inline_asm
tasks.c:4635:13:xTaskNotifyWait	32	static,ignoring_inline_asm
tasks.c:4715:13:xTaskGenericNotify	48	static,ignoring_inline_asm
tasks.c:4829:13:xTaskGenericNotifyFromISR	64	static,ignoring_inline_asm
tasks.c:4958:7:vTaskNotifyGiveFromISR	48	static,ignoring_inline_asm
tasks.c:5045:13:xTaskNotifyStateClear	24	static
tasks.c:5082:13:prvAddCurrentTaskToDelayedList	24	static
tasks.c:5218:6:print_pcb	1048	static
tasks.c:5226:6:Taskmonitor	232	static
