main.c:81:5:main	24	static
main.c:134:6:TaskMonitor_App	16	static
main.c:141:6:Red_LED_App	24	static
main.c:150:6:Green_LED_App	24	static
main.c:159:6:Delay_App	24	static
main.c:174:6:USART_Test	72	static
main.c:194:6:ButtonTask_App	16	static,ignoring_inline_asm
main.c:217:6:LEDTask_App	24	static
main.c:254:6:SystemClock_Config	88	static
main.c:299:13:MX_USART2_UART_Init	8	static
main.c:332:13:MX_GPIO_Init	56	static
main.c:477:6:HAL_TIM_PeriodElapsedCallback	16	static
main.c:494:6:Error_Handler	4	static,ignoring_inline_asm
