main.c:91:6:MEMS_Write	16	static
main.c:98:6:MEMS_Read	16	static
main.c:106:6:LED_Task	16	static
main.c:117:6:vHandlerTask	32	static
main.c:136:6:HAL_GPIO_EXTI_Callback	24	static,ignoring_inline_asm
main.c:154:5:main	16	static
main.c:215:6:SystemClock_Config	88	static
main.c:260:13:MX_SPI1_Init	8	static
main.c:298:13:MX_USART2_UART_Init	8	static
main.c:331:13:MX_GPIO_Init	56	static
main.c:470:6:HAL_TIM_PeriodElapsedCallback	16	static
main.c:487:6:Error_Handler	4	static,ignoring_inline_asm
