Archive member included to satisfy reference by file (symbol)

c:/st/stm32cubeide_1.8.0/stm32cubeide/plugins/com.st.stm32cube.ide.mcu.externaltools.gnu-tools-for-stm32.9-2020-q2-update.win32_2.0.0.202105311346/tools/bin/../lib/gcc/arm-none-eabi/9.3.1/../../../../arm-none-eabi/lib/thumb/v7e-m+fp/hard\libc_nano.a(lib_a-errno.o)
                              ./Core/Src/syscalls.o (__errno)
c:/st/stm32cubeide_1.8.0/stm32cubeide/plugins/com.st.stm32cube.ide.mcu.externaltools.gnu-tools-for-stm32.9-2020-q2-update.win32_2.0.0.202105311346/tools/bin/../lib/gcc/arm-none-eabi/9.3.1/../../../../arm-none-eabi/lib/thumb/v7e-m+fp/hard\libc_nano.a(lib_a-exit.o)
                              c:/st/stm32cubeide_1.8.0/stm32cubeide/plugins/com.st.stm32cube.ide.mcu.externaltools.gnu-tools-for-stm32.9-2020-q2-update.win32_2.0.0.202105311346/tools/bin/../lib/gcc/arm-none-eabi/9.3.1/../../../../arm-none-eabi/lib/thumb/v7e-m+fp/hard/crt0.o (exit)
c:/st/stm32cubeide_1.8.0/stm32cubeide/plugins/com.st.stm32cube.ide.mcu.externaltools.gnu-tools-for-stm32.9-2020-q2-update.win32_2.0.0.202105311346/tools/bin/../lib/gcc/arm-none-eabi/9.3.1/../../../../arm-none-eabi/lib/thumb/v7e-m+fp/hard\libc_nano.a(lib_a-impure.o)
                              c:/st/stm32cubeide_1.8.0/stm32cubeide/plugins/com.st.stm32cube.ide.mcu.externaltools.gnu-tools-for-stm32.9-2020-q2-update.win32_2.0.0.202105311346/tools/bin/../lib/gcc/arm-none-eabi/9.3.1/../../../../arm-none-eabi/lib/thumb/v7e-m+fp/hard\libc_nano.a(lib_a-exit.o) (_global_impure_ptr)
c:/st/stm32cubeide_1.8.0/stm32cubeide/plugins/com.st.stm32cube.ide.mcu.externaltools.gnu-tools-for-stm32.9-2020-q2-update.win32_2.0.0.202105311346/tools/bin/../lib/gcc/arm-none-eabi/9.3.1/../../../../arm-none-eabi/lib/thumb/v7e-m+fp/hard\libc_nano.a(lib_a-init.o)
                              c:/st/stm32cubeide_1.8.0/stm32cubeide/plugins/com.st.stm32cube.ide.mcu.externaltools.gnu-tools-for-stm32.9-2020-q2-update.win32_2.0.0.202105311346/tools/bin/../lib/gcc/arm-none-eabi/9.3.1/../../../../arm-none-eabi/lib/thumb/v7e-m+fp/hard/crt0.o (__libc_init_array)
c:/st/stm32cubeide_1.8.0/stm32cubeide/plugins/com.st.stm32cube.ide.mcu.externaltools.gnu-tools-for-stm32.9-2020-q2-update.win32_2.0.0.202105311346/tools/bin/../lib/gcc/arm-none-eabi/9.3.1/../../../../arm-none-eabi/lib/thumb/v7e-m+fp/hard\libc_nano.a(lib_a-memcpy-stub.o)
                              ./FreeRTOS/queue.o (memcpy)
c:/st/stm32cubeide_1.8.0/stm32cubeide/plugins/com.st.stm32cube.ide.mcu.externaltools.gnu-tools-for-stm32.9-2020-q2-update.win32_2.0.0.202105311346/tools/bin/../lib/gcc/arm-none-eabi/9.3.1/../../../../arm-none-eabi/lib/thumb/v7e-m+fp/hard\libc_nano.a(lib_a-memset.o)
                              c:/st/stm32cubeide_1.8.0/stm32cubeide/plugins/com.st.stm32cube.ide.mcu.externaltools.gnu-tools-for-stm32.9-2020-q2-update.win32_2.0.0.202105311346/tools/bin/../lib/gcc/arm-none-eabi/9.3.1/../../../../arm-none-eabi/lib/thumb/v7e-m+fp/hard/crt0.o (memset)
c:/st/stm32cubeide_1.8.0/stm32cubeide/plugins/com.st.stm32cube.ide.mcu.externaltools.gnu-tools-for-stm32.9-2020-q2-update.win32_2.0.0.202105311346/tools/bin/../lib/gcc/arm-none-eabi/9.3.1/thumb/v7e-m+fp/hard\libgcc.a(_aeabi_uldivmod.o)
                              ./Drivers/STM32F4xx_HAL_Driver/Src/stm32f4xx_hal_rcc.o (__aeabi_uldivmod)
c:/st/stm32cubeide_1.8.0/stm32cubeide/plugins/com.st.stm32cube.ide.mcu.externaltools.gnu-tools-for-stm32.9-2020-q2-update.win32_2.0.0.202105311346/tools/bin/../lib/gcc/arm-none-eabi/9.3.1/thumb/v7e-m+fp/hard\libgcc.a(_udivmoddi4.o)
                              c:/st/stm32cubeide_1.8.0/stm32cubeide/plugins/com.st.stm32cube.ide.mcu.externaltools.gnu-tools-for-stm32.9-2020-q2-update.win32_2.0.0.202105311346/tools/bin/../lib/gcc/arm-none-eabi/9.3.1/thumb/v7e-m+fp/hard\libgcc.a(_aeabi_uldivmod.o) (__udivmoddi4)
c:/st/stm32cubeide_1.8.0/stm32cubeide/plugins/com.st.stm32cube.ide.mcu.externaltools.gnu-tools-for-stm32.9-2020-q2-update.win32_2.0.0.202105311346/tools/bin/../lib/gcc/arm-none-eabi/9.3.1/thumb/v7e-m+fp/hard\libgcc.a(_dvmd_tls.o)
                              c:/st/stm32cubeide_1.8.0/stm32cubeide/plugins/com.st.stm32cube.ide.mcu.externaltools.gnu-tools-for-stm32.9-2020-q2-update.win32_2.0.0.202105311346/tools/bin/../lib/gcc/arm-none-eabi/9.3.1/thumb/v7e-m+fp/hard\libgcc.a(_aeabi_uldivmod.o) (__aeabi_ldiv0)

Allocating common symbols
Common symbol       size              file

uwTick              0x4               ./Drivers/STM32F4xx_HAL_Driver/Src/stm32f4xx_hal.o
xQueueRegistry      0x40              ./FreeRTOS/queue.o
pFlash              0x20              ./Drivers/STM32F4xx_HAL_Driver/Src/stm32f4xx_hal_flash.o
htim7               0x48              ./Core/Src/stm32f4xx_hal_timebase_tim.o

Discarded input sections

[...]
Memory Configuration

Name             Origin             Length             Attributes
CCMRAM           0x0000000010000000 0x0000000000010000 xrw
RAM              0x0000000020000000 0x0000000000020000 xrw
FLASH            0x0000000008000000 0x0000000000100000 xr
*default*        0x0000000000000000 0xffffffffffffffff

Linker script and memory map

LOAD c:/st/stm32cubeide_1.8.0/stm32cubeide/plugins/com.st.stm32cube.ide.mcu.externaltools.gnu-tools-for-stm32.9-2020-q2-update.win32_2.0.0.202105311346/tools/bin/../lib/gcc/arm-none-eabi/9.3.1/thumb/v7e-m+fp/hard/crti.o
LOAD c:/st/stm32cubeide_1.8.0/stm32cubeide/plugins/com.st.stm32cube.ide.mcu.externaltools.gnu-tools-for-stm32.9-2020-q2-update.win32_2.0.0.202105311346/tools/bin/../lib/gcc/arm-none-eabi/9.3.1/thumb/v7e-m+fp/hard/crtbegin.o
LOAD c:/st/stm32cubeide_1.8.0/stm32cubeide/plugins/com.st.stm32cube.ide.mcu.externaltools.gnu-tools-for-stm32.9-2020-q2-update.win32_2.0.0.202105311346/tools/bin/../lib/gcc/arm-none-eabi/9.3.1/../../../../arm-none-eabi/lib/thumb/v7e-m+fp/hard/crt0.o
LOAD ./Core/Src/main.o
LOAD ./Core/Src/stm32f4xx_hal_msp.o
LOAD ./Core/Src/stm32f4xx_hal_timebase_tim.o
LOAD ./Core/Src/stm32f4xx_it.o
LOAD ./Core/Src/syscalls.o
LOAD ./Core/Src/sysmem.o
LOAD ./Core/Src/system_stm32f4xx.o
LOAD ./Core/Startup/startup_stm32f407vgtx.o
LOAD ./Drivers/STM32F4xx_HAL_Driver/Src/stm32f4xx_hal.o
LOAD ./Drivers/STM32F4xx_HAL_Driver/Src/stm32f4xx_hal_cortex.o
LOAD ./Drivers/STM32F4xx_HAL_Driver/Src/stm32f4xx_hal_dma.o
LOAD ./Drivers/STM32F4xx_HAL_Driver/Src/stm32f4xx_hal_dma_ex.o
LOAD ./Drivers/STM32F4xx_HAL_Driver/Src/stm32f4xx_hal_exti.o
LOAD ./Drivers/STM32F4xx_HAL_Driver/Src/stm32f4xx_hal_flash.o
LOAD ./Drivers/STM32F4xx_HAL_Driver/Src/stm32f4xx_hal_flash_ex.o
LOAD ./Drivers/STM32F4xx_HAL_Driver/Src/stm32f4xx_hal_flash_ramfunc.o
LOAD ./Drivers/STM32F4xx_HAL_Driver/Src/stm32f4xx_hal_gpio.o
LOAD ./Drivers/STM32F4xx_HAL_Driver/Src/stm32f4xx_hal_pwr.o
LOAD ./Drivers/STM32F4xx_HAL_Driver/Src/stm32f4xx_hal_pwr_ex.o
LOAD ./Drivers/STM32F4xx_HAL_Driver/Src/stm32f4xx_hal_rcc.o
LOAD ./Drivers/STM32F4xx_HAL_Driver/Src/stm32f4xx_hal_rcc_ex.o
LOAD ./Drivers/STM32F4xx_HAL_Driver/Src/stm32f4xx_hal_tim.o
LOAD ./Drivers/STM32F4xx_HAL_Driver/Src/stm32f4xx_hal_tim_ex.o
LOAD ./FreeRTOS/croutine.o
LOAD ./FreeRTOS/event_groups.o
LOAD ./FreeRTOS/list.o
LOAD ./FreeRTOS/queue.o
LOAD ./FreeRTOS/stream_buffer.o
LOAD ./FreeRTOS/tasks.o
LOAD ./FreeRTOS/timers.o
LOAD ./FreeRTOS/portable/ARM_CM4F/port.o
LOAD ./FreeRTOS/portable/MemMang/heap_4.o
START GROUP
LOAD c:/st/stm32cubeide_1.8.0/stm32cubeide/plugins/com.st.stm32cube.ide.mcu.externaltools.gnu-tools-for-stm32.9-2020-q2-update.win32_2.0.0.202105311346/tools/bin/../lib/gcc/arm-none-eabi/9.3.1/../../../../arm-none-eabi/lib/thumb/v7e-m+fp/hard\libc_nano.a
LOAD c:/st/stm32cubeide_1.8.0/stm32cubeide/plugins/com.st.stm32cube.ide.mcu.externaltools.gnu-tools-for-stm32.9-2020-q2-update.win32_2.0.0.202105311346/tools/bin/../lib/gcc/arm-none-eabi/9.3.1/../../../../arm-none-eabi/lib/thumb/v7e-m+fp/hard\libm.a
END GROUP
START GROUP
LOAD c:/st/stm32cubeide_1.8.0/stm32cubeide/plugins/com.st.stm32cube.ide.mcu.externaltools.gnu-tools-for-stm32.9-2020-q2-update.win32_2.0.0.202105311346/tools/bin/../lib/gcc/arm-none-eabi/9.3.1/thumb/v7e-m+fp/hard\libgcc.a
LOAD c:/st/stm32cubeide_1.8.0/stm32cubeide/plugins/com.st.stm32cube.ide.mcu.externaltools.gnu-tools-for-stm32.9-2020-q2-update.win32_2.0.0.202105311346/tools/bin/../lib/gcc/arm-none-eabi/9.3.1/../../../../arm-none-eabi/lib/thumb/v7e-m+fp/hard\libc_nano.a
END GROUP
START GROUP
LOAD c:/st/stm32cubeide_1.8.0/stm32cubeide/plugins/com.st.stm32cube.ide.mcu.externaltools.gnu-tools-for-stm32.9-2020-q2-update.win32_2.0.0.202105311346/tools/bin/../lib/gcc/arm-none-eabi/9.3.1/thumb/v7e-m+fp/hard\libgcc.a
LOAD c:/st/stm32cubeide_1.8.0/stm32cubeide/plugins/com.st.stm32cube.ide.mcu.externaltools.gnu-tools-for-stm32.9-2020-q2-update.win32_2.0.0.202105311346/tools/bin/../lib/gcc/arm-none-eabi/9.3.1/../../../../arm-none-eabi/lib/thumb/v7e-m+fp/hard\libc_nano.a
LOAD c:/st/stm32cubeide_1.8.0/stm32cubeide/plugins/com.st.stm32cube.ide.mcu.externaltools.gnu-tools-for-stm32.9-2020-q2-update.win32_2.0.0.202105311346/tools/bin/../lib/gcc/arm-none-eabi/9.3.1/../../../../arm-none-eabi/lib/thumb/v7e-m+fp/hard\libnosys.a
END GROUP
START GROUP
LOAD c:/st/stm32cubeide_1.8.0/stm32cubeide/plugins/com.st.stm32cube.ide.mcu.externaltools.gnu-tools-for-stm32.9-2020-q2-update.win32_2.0.0.202105311346/tools/bin/../lib/gcc/arm-none-eabi/9.3.1/thumb/v7e-m+fp/hard\libgcc.a
LOAD c:/st/stm32cubeide_1.8.0/stm32cubeide/plugins/com.st.stm32cube.ide.mcu.externaltools.gnu-tools-for-stm32.9-2020-q2-update.win32_2.0.0.202105311346/tools/bin/../lib/gcc/arm-none-eabi/9.3.1/../../../../arm-none-eabi/lib/thumb/v7e-m+fp/hard\libc_nano.a
LOAD c:/st/stm32cubeide_1.8.0/stm32cubeide/plugins/com.st.stm32cube.ide.mcu.externaltools.gnu-tools-for-stm32.9-2020-q2-update.win32_2.0.0.202105311346/tools/bin/../lib/gcc/arm-none-eabi/9.3.1/../../../../arm-none-eabi/lib/thumb/v7e-m+fp/hard\libnosys.a
END GROUP
LOAD c:/st/stm32cubeide_1.8.0/stm32cubeide/plugins/com.st.stm32cube.ide.mcu.externaltools.gnu-tools-for-stm32.9-2020-q2-update.win32_2.0.0.202105311346/tools/bin/../lib/gcc/arm-none-eabi/9.3.1/thumb/v7e-m+fp/hard/crtend.o
LOAD c:/st/stm32cubeide_1.8.0/stm32cubeide/plugins/com.st.stm32cube.ide.mcu.externaltools.gnu-tools-for-stm32.9-2020-q2-update.win32_2.0.0.202105311346/tools/bin/../lib/gcc/arm-none-eabi/9.3.1/thumb/v7e-m+fp/hard/crtn.o
                0x0000000020020000                _estack = (ORIGIN (RAM) + LENGTH (RAM))
                0x0000000000000200                _Min_Heap_Size = 0x200
                0x0000000000000400                _Min_Stack_Size = 0x400

.isr_vector     0x0000000008000000      0x188
                0x0000000008000000                . = ALIGN (0x4)
 *(.isr_vector)
 .isr_vector    0x0000000008000000      0x188 ./Core/Startup/startup_stm32f407vgtx.o
                0x0000000008000000                g_pfnVectors
                0x0000000008000188                . = ALIGN (0x4)

.text           0x0000000008000190     0x45e8
                0x0000000008000190                . = ALIGN (0x4)
 *(.text)
 .text          0x0000000008000190       0x40 c:/st/stm32cubeide_1.8.0/stm32cubeide/plugins/com.st.stm32cube.ide.mcu.externaltools.gnu-tools-for-stm32.9-2020-q2-update.win32_2.0.0.202105311346/tools/bin/../lib/gcc/arm-none-eabi/9.3.1/thumb/v7e-m+fp/hard/crtbegin.o
 .text          0x00000000080001d0       0x30 c:/st/stm32cubeide_1.8.0/stm32cubeide/plugins/com.st.stm32cube.ide.mcu.externaltools.gnu-tools-for-stm32.9-2020-q2-update.win32_2.0.0.202105311346/tools/bin/../lib/gcc/arm-none-eabi/9.3.1/thumb/v7e-m+fp/hard\libgcc.a(_aeabi_uldivmod.o)
                0x00000000080001d0                __aeabi_uldivmod
 .text          0x0000000008000200      0x2c4 c:/st/stm32cubeide_1.8.0/stm32cubeide/plugins/com.st.stm32cube.ide.mcu.externaltools.gnu-tools-for-stm32.9-2020-q2-update.win32_2.0.0.202105311346/tools/bin/../lib/gcc/arm-none-eabi/9.3.1/thumb/v7e-m+fp/hard\libgcc.a(_udivmoddi4.o)
                0x0000000008000200                __udivmoddi4
 .text          0x00000000080004c4        0x4 c:/st/stm32cubeide_1.8.0/stm32cubeide/plugins/com.st.stm32cube.ide.mcu.externaltools.gnu-tools-for-stm32.9-2020-q2-update.win32_2.0.0.202105311346/tools/bin/../lib/gcc/arm-none-eabi/9.3.1/thumb/v7e-m+fp/hard\libgcc.a(_dvmd_tls.o)
                0x00000000080004c4                __aeabi_idiv0
                0x00000000080004c4                __aeabi_ldiv0
 *(.text*)
 .text.main     0x00000000080004c8       0x68 ./Core/Src/main.o
                0x00000000080004c8                main
 .text.ButtonTask_App
                0x0000000008000530       0x78 ./Core/Src/main.o
                0x0000000008000530                ButtonTask_App
 .text.LEDTask_App
                0x00000000080005a8       0xe4 ./Core/Src/main.o
                0x00000000080005a8                LEDTask_App
 .text.SystemClock_Config
                0x000000000800068c       0xd4 ./Core/Src/main.o
                0x000000000800068c                SystemClock_Config
 .text.MX_GPIO_Init
                0x0000000008000760      0x2b8 ./Core/Src/main.o
 .text.HAL_TIM_PeriodElapsedCallback
                0x0000000008000a18       0x24 ./Core/Src/main.o
                0x0000000008000a18                HAL_TIM_PeriodElapsedCallback
 .text.Error_Handler
                0x0000000008000a3c        0xa ./Core/Src/main.o
                0x0000000008000a3c                Error_Handler
 *fill*         0x0000000008000a46        0x2 
 .text.HAL_MspInit
                0x0000000008000a48       0x50 ./Core/Src/stm32f4xx_hal_msp.o
                0x0000000008000a48                HAL_MspInit
 .text.HAL_InitTick
                0x0000000008000a98       0xb4 ./Core/Src/stm32f4xx_hal_timebase_tim.o
                0x0000000008000a98                HAL_InitTick
 .text.NMI_Handler
                0x0000000008000b4c        0x6 ./Core/Src/stm32f4xx_it.o
                0x0000000008000b4c                NMI_Handler
 .text.HardFault_Handler
                0x0000000008000b52        0x6 ./Core/Src/stm32f4xx_it.o
                0x0000000008000b52                HardFault_Handler
 .text.MemManage_Handler
                0x0000000008000b58        0x6 ./Core/Src/stm32f4xx_it.o
                0x0000000008000b58                MemManage_Handler
 .text.BusFault_Handler
                0x0000000008000b5e        0x6 ./Core/Src/stm32f4xx_it.o
                0x0000000008000b5e                BusFault_Handler
 .text.UsageFault_Handler
                0x0000000008000b64        0x6 ./Core/Src/stm32f4xx_it.o
                0x0000000008000b64                UsageFault_Handler
 .text.DebugMon_Handler
                0x0000000008000b6a        0xe ./Core/Src/stm32f4xx_it.o
                0x0000000008000b6a                DebugMon_Handler
 .text.TIM7_IRQHandler
                0x0000000008000b78       0x14 ./Core/Src/stm32f4xx_it.o
                0x0000000008000b78                TIM7_IRQHandler
 .text.SystemInit
                0x0000000008000b8c       0x24 ./Core/Src/system_stm32f4xx.o
                0x0000000008000b8c                SystemInit
 .text.Reset_Handler
                0x0000000008000bb0       0x50 ./Core/Startup/startup_stm32f407vgtx.o
                0x0000000008000bb0                Reset_Handler
 .text.Default_Handler
                0x0000000008000c00        0x2 ./Core/Startup/startup_stm32f407vgtx.o
                0x0000000008000c00                RTC_Alarm_IRQHandler
                0x0000000008000c00                HASH_RNG_IRQHandler
                0x0000000008000c00                EXTI2_IRQHandler
                0x0000000008000c00                TIM8_CC_IRQHandler
                0x0000000008000c00                TIM1_CC_IRQHandler
                0x0000000008000c00                DMA2_Stream5_IRQHandler
                0x0000000008000c00                DMA1_Stream5_IRQHandler
                0x0000000008000c00                PVD_IRQHandler
                0x0000000008000c00                SDIO_IRQHandler
                0x0000000008000c00                TAMP_STAMP_IRQHandler
                0x0000000008000c00                CAN2_RX1_IRQHandler
                0x0000000008000c00                EXTI3_IRQHandler
                0x0000000008000c00                TIM8_TRG_COM_TIM14_IRQHandler
                0x0000000008000c00                TIM1_UP_TIM10_IRQHandler
                0x0000000008000c00                TIM8_UP_TIM13_IRQHandler
                0x0000000008000c00                I2C3_ER_IRQHandler
                0x0000000008000c00                EXTI0_IRQHandler
                0x0000000008000c00                I2C2_EV_IRQHandler
                0x0000000008000c00                DMA1_Stream2_IRQHandler
                0x0000000008000c00                CAN1_RX0_IRQHandler
                0x0000000008000c00                FPU_IRQHandler
                0x0000000008000c00                OTG_HS_WKUP_IRQHandler
                0x0000000008000c00                CAN2_SCE_IRQHandler
                0x0000000008000c00                DMA2_Stream2_IRQHandler
                0x0000000008000c00                SPI1_IRQHandler
                0x0000000008000c00                TIM6_DAC_IRQHandler
                0x0000000008000c00                TIM1_BRK_TIM9_IRQHandler
                0x0000000008000c00                DCMI_IRQHandler
                0x0000000008000c00                CAN2_RX0_IRQHandler
                0x0000000008000c00                DMA2_Stream3_IRQHandler
                0x0000000008000c00                USART6_IRQHandler
                0x0000000008000c00                USART3_IRQHandler
                0x0000000008000c00                CAN1_RX1_IRQHandler
                0x0000000008000c00                UART5_IRQHandler
                0x0000000008000c00                DMA2_Stream0_IRQHandler
                0x0000000008000c00                TIM4_IRQHandler
                0x0000000008000c00                I2C1_EV_IRQHandler
                0x0000000008000c00                DMA1_Stream6_IRQHandler
                0x0000000008000c00                DMA1_Stream1_IRQHandler
                0x0000000008000c00                UART4_IRQHandler
                0x0000000008000c00                TIM3_IRQHandler
                0x0000000008000c00                RCC_IRQHandler
                0x0000000008000c00                TIM8_BRK_TIM12_IRQHandler
                0x0000000008000c00                Default_Handler
                0x0000000008000c00                EXTI15_10_IRQHandler
                0x0000000008000c00                ADC_IRQHandler
                0x0000000008000c00                DMA1_Stream7_IRQHandler
                0x0000000008000c00                CAN2_TX_IRQHandler
                0x0000000008000c00                TIM5_IRQHandler
                0x0000000008000c00                DMA2_Stream7_IRQHandler
                0x0000000008000c00                I2C3_EV_IRQHandler
                0x0000000008000c00                EXTI9_5_IRQHandler
                0x0000000008000c00                RTC_WKUP_IRQHandler
                0x0000000008000c00                ETH_WKUP_IRQHandler
                0x0000000008000c00                SPI2_IRQHandler
                0x0000000008000c00                OTG_HS_EP1_IN_IRQHandler
                0x0000000008000c00                DMA1_Stream0_IRQHandler
                0x0000000008000c00                CAN1_TX_IRQHandler
                0x0000000008000c00                EXTI4_IRQHandler
                0x0000000008000c00                FSMC_IRQHandler
                0x0000000008000c00                ETH_IRQHandler
                0x0000000008000c00                OTG_HS_EP1_OUT_IRQHandler
                0x0000000008000c00                WWDG_IRQHandler
                0x0000000008000c00                TIM2_IRQHandler
                0x0000000008000c00                OTG_FS_WKUP_IRQHandler
                0x0000000008000c00                TIM1_TRG_COM_TIM11_IRQHandler
                0x0000000008000c00                OTG_HS_IRQHandler
                0x0000000008000c00                EXTI1_IRQHandler
                0x0000000008000c00                USART2_IRQHandler
                0x0000000008000c00                I2C2_ER_IRQHandler
                0x0000000008000c00                DMA2_Stream1_IRQHandler
                0x0000000008000c00                CAN1_SCE_IRQHandler
                0x0000000008000c00                FLASH_IRQHandler
                0x0000000008000c00                DMA2_Stream4_IRQHandler
                0x0000000008000c00                USART1_IRQHandler
                0x0000000008000c00                OTG_FS_IRQHandler
                0x0000000008000c00                SPI3_IRQHandler
                0x0000000008000c00                DMA1_Stream4_IRQHandler
                0x0000000008000c00                I2C1_ER_IRQHandler
                0x0000000008000c00                DMA2_Stream6_IRQHandler
                0x0000000008000c00                DMA1_Stream3_IRQHandler
 *fill*         0x0000000008000c02        0x2 
 .text.HAL_Init
                0x0000000008000c04       0x44 ./Drivers/STM32F4xx_HAL_Driver/Src/stm32f4xx_hal.o
                0x0000000008000c04                HAL_Init
 .text.HAL_IncTick
                0x0000000008000c48       0x28 ./Drivers/STM32F4xx_HAL_Driver/Src/stm32f4xx_hal.o
                0x0000000008000c48                HAL_IncTick
 .text.HAL_GetTick
                0x0000000008000c70       0x18 ./Drivers/STM32F4xx_HAL_Driver/Src/stm32f4xx_hal.o
                0x0000000008000c70                HAL_GetTick
 .text.HAL_Delay
                0x0000000008000c88       0x48 ./Drivers/STM32F4xx_HAL_Driver/Src/stm32f4xx_hal.o
                0x0000000008000c88                HAL_Delay
 .text.__NVIC_SetPriorityGrouping
                0x0000000008000cd0       0x48 ./Drivers/STM32F4xx_HAL_Driver/Src/stm32f4xx_hal_cortex.o
 .text.__NVIC_GetPriorityGrouping
                0x0000000008000d18       0x1c ./Drivers/STM32F4xx_HAL_Driver/Src/stm32f4xx_hal_cortex.o
 .text.__NVIC_EnableIRQ
                0x0000000008000d34       0x3c ./Drivers/STM32F4xx_HAL_Driver/Src/stm32f4xx_hal_cortex.o
 .text.__NVIC_SetPriority
                0x0000000008000d70       0x54 ./Drivers/STM32F4xx_HAL_Driver/Src/stm32f4xx_hal_cortex.o
 .text.NVIC_EncodePriority
                0x0000000008000dc4       0x66 ./Drivers/STM32F4xx_HAL_Driver/Src/stm32f4xx_hal_cortex.o
 .text.HAL_NVIC_SetPriorityGrouping
                0x0000000008000e2a       0x16 ./Drivers/STM32F4xx_HAL_Driver/Src/stm32f4xx_hal_cortex.o
                0x0000000008000e2a                HAL_NVIC_SetPriorityGrouping
 .text.HAL_NVIC_SetPriority
                0x0000000008000e40       0x38 ./Drivers/STM32F4xx_HAL_Driver/Src/stm32f4xx_hal_cortex.o
                0x0000000008000e40                HAL_NVIC_SetPriority
 .text.HAL_NVIC_EnableIRQ
                0x0000000008000e78       0x1c ./Drivers/STM32F4xx_HAL_Driver/Src/stm32f4xx_hal_cortex.o
                0x0000000008000e78                HAL_NVIC_EnableIRQ
 .text.HAL_GPIO_Init
                0x0000000008000e94      0x338 ./Drivers/STM32F4xx_HAL_Driver/Src/stm32f4xx_hal_gpio.o
                0x0000000008000e94                HAL_GPIO_Init
 .text.HAL_GPIO_ReadPin
                0x00000000080011cc       0x30 ./Drivers/STM32F4xx_HAL_Driver/Src/stm32f4xx_hal_gpio.o
                0x00000000080011cc                HAL_GPIO_ReadPin
 .text.HAL_GPIO_WritePin
                0x00000000080011fc       0x32 ./Drivers/STM32F4xx_HAL_Driver/Src/stm32f4xx_hal_gpio.o
                0x00000000080011fc                HAL_GPIO_WritePin
 *fill*         0x000000000800122e        0x2 
 .text.HAL_RCC_OscConfig
                0x0000000008001230      0x4f0 ./Drivers/STM32F4xx_HAL_Driver/Src/stm32f4xx_hal_rcc.o
                0x0000000008001230                HAL_RCC_OscConfig
 .text.HAL_RCC_ClockConfig
                0x0000000008001720      0x1cc ./Drivers/STM32F4xx_HAL_Driver/Src/stm32f4xx_hal_rcc.o
                0x0000000008001720                HAL_RCC_ClockConfig
 .text.HAL_RCC_GetSysClockFreq
                0x00000000080018ec      0x1c4 ./Drivers/STM32F4xx_HAL_Driver/Src/stm32f4xx_hal_rcc.o
                0x00000000080018ec                HAL_RCC_GetSysClockFreq
 .text.HAL_RCC_GetHCLKFreq
                0x0000000008001ab0       0x18 ./Drivers/STM32F4xx_HAL_Driver/Src/stm32f4xx_hal_rcc.o
                0x0000000008001ab0                HAL_RCC_GetHCLKFreq
 .text.HAL_RCC_GetPCLK1Freq
                0x0000000008001ac8       0x28 ./Drivers/STM32F4xx_HAL_Driver/Src/stm32f4xx_hal_rcc.o
                0x0000000008001ac8                HAL_RCC_GetPCLK1Freq
 .text.HAL_RCC_GetClockConfig
                0x0000000008001af0       0x64 ./Drivers/STM32F4xx_HAL_Driver/Src/stm32f4xx_hal_rcc.o
                0x0000000008001af0                HAL_RCC_GetClockConfig
 .text.HAL_TIM_Base_Init
                0x0000000008001b54       0x9e ./Drivers/STM32F4xx_HAL_Driver/Src/stm32f4xx_hal_tim.o
                0x0000000008001b54                HAL_TIM_Base_Init
 .text.HAL_TIM_Base_MspInit
                0x0000000008001bf2       0x14 ./Drivers/STM32F4xx_HAL_Driver/Src/stm32f4xx_hal_tim.o
                0x0000000008001bf2                HAL_TIM_Base_MspInit
 *fill*         0x0000000008001c06        0x2 
 .text.HAL_TIM_Base_Start_IT
                0x0000000008001c08       0xe0 ./Drivers/STM32F4xx_HAL_Driver/Src/stm32f4xx_hal_tim.o
                0x0000000008001c08                HAL_TIM_Base_Start_IT
 .text.HAL_TIM_IRQHandler
                0x0000000008001ce8      0x210 ./Drivers/STM32F4xx_HAL_Driver/Src/stm32f4xx_hal_tim.o
                0x0000000008001ce8                HAL_TIM_IRQHandler
 .text.HAL_TIM_OC_DelayElapsedCallback
                0x0000000008001ef8       0x14 ./Drivers/STM32F4xx_HAL_Driver/Src/stm32f4xx_hal_tim.o
                0x0000000008001ef8                HAL_TIM_OC_DelayElapsedCallback
 .text.HAL_TIM_IC_CaptureCallback
                0x0000000008001f0c       0x14 ./Drivers/STM32F4xx_HAL_Driver/Src/stm32f4xx_hal_tim.o
                0x0000000008001f0c                HAL_TIM_IC_CaptureCallback
 .text.HAL_TIM_PWM_PulseFinishedCallback
                0x0000000008001f20       0x14 ./Drivers/STM32F4xx_HAL_Driver/Src/stm32f4xx_hal_tim.o
                0x0000000008001f20                HAL_TIM_PWM_PulseFinishedCallback
 .text.HAL_TIM_TriggerCallback
                0x0000000008001f34       0x14 ./Drivers/STM32F4xx_HAL_Driver/Src/stm32f4xx_hal_tim.o
                0x0000000008001f34                HAL_TIM_TriggerCallback
 .text.TIM_Base_SetConfig
                0x0000000008001f48      0x140 ./Drivers/STM32F4xx_HAL_Driver/Src/stm32f4xx_hal_tim.o
                0x0000000008001f48                TIM_Base_SetConfig
 .text.HAL_TIMEx_CommutCallback
                0x0000000008002088       0x14 ./Drivers/STM32F4xx_HAL_Driver/Src/stm32f4xx_hal_tim_ex.o
                0x0000000008002088                HAL_TIMEx_CommutCallback
 .text.HAL_TIMEx_BreakCallback
                0x000000000800209c       0x14 ./Drivers/STM32F4xx_HAL_Driver/Src/stm32f4xx_hal_tim_ex.o
                0x000000000800209c                HAL_TIMEx_BreakCallback
 .text.vListInitialise
                0x00000000080020b0       0x40 ./FreeRTOS/list.o
                0x00000000080020b0                vListInitialise
 .text.vListInitialiseItem
                0x00000000080020f0       0x1a ./FreeRTOS/list.o
                0x00000000080020f0                vListInitialiseItem
 .text.vListInsertEnd
                0x000000000800210a       0x48 ./FreeRTOS/list.o
                0x000000000800210a                vListInsertEnd
 .text.vListInsert
                0x0000000008002152       0x72 ./FreeRTOS/list.o
                0x0000000008002152                vListInsert
 .text.uxListRemove
                0x00000000080021c4       0x54 ./FreeRTOS/list.o
                0x00000000080021c4                uxListRemove
 .text.xQueueGenericReset
                0x0000000008002218       0xd0 ./FreeRTOS/queue.o
                0x0000000008002218                xQueueGenericReset
 .text.xQueueGenericCreate
                0x00000000080022e8       0x78 ./FreeRTOS/queue.o
                0x00000000080022e8                xQueueGenericCreate
 .text.prvInitialiseNewQueue
                0x0000000008002360       0x46 ./FreeRTOS/queue.o
 *fill*         0x00000000080023a6        0x2 
 .text.xQueueGenericSend
                0x00000000080023a8      0x1fc ./FreeRTOS/queue.o
                0x00000000080023a8                xQueueGenericSend
 .text.xQueueGenericSendFromISR
                0x00000000080025a4      0x130 ./FreeRTOS/queue.o
                0x00000000080025a4                xQueueGenericSendFromISR
 .text.xQueueReceive
                0x00000000080026d4      0x1c0 ./FreeRTOS/queue.o
                0x00000000080026d4                xQueueReceive
 .text.prvCopyDataToQueue
                0x0000000008002894       0xd4 ./FreeRTOS/queue.o
 .text.prvCopyDataFromQueue
                0x0000000008002968       0x4c ./FreeRTOS/queue.o
 .text.prvUnlockQueue
                0x00000000080029b4       0xa4 ./FreeRTOS/queue.o
 .text.prvIsQueueEmpty
                0x0000000008002a58       0x2c ./FreeRTOS/queue.o
 .text.prvIsQueueFull
                0x0000000008002a84       0x30 ./FreeRTOS/queue.o
 .text.vQueueAddToRegistry
                0x0000000008002ab4       0x54 ./FreeRTOS/queue.o
                0x0000000008002ab4                vQueueAddToRegistry
 .text.vQueueWaitForMessageRestricted
                0x0000000008002b08       0x68 ./FreeRTOS/queue.o
                0x0000000008002b08                vQueueWaitForMessageRestricted
 .text.xTaskCreate
                0x0000000008002b70       0x82 ./FreeRTOS/tasks.o
                0x0000000008002b70                xTaskCreate
 .text.prvInitialiseNewTask
                0x0000000008002bf2      0x11e ./FreeRTOS/tasks.o
 .text.prvAddNewTaskToReadyList
                0x0000000008002d10       0xdc ./FreeRTOS/tasks.o
 .text.vTaskDelay
                0x0000000008002dec       0x68 ./FreeRTOS/tasks.o
                0x0000000008002dec                vTaskDelay
 .text.vTaskStartScheduler
                0x0000000008002e54       0x9c ./FreeRTOS/tasks.o
                0x0000000008002e54                vTaskStartScheduler
 .text.vTaskSuspendAll
                0x0000000008002ef0       0x1c ./FreeRTOS/tasks.o
                0x0000000008002ef0                vTaskSuspendAll
 .text.xTaskResumeAll
                0x0000000008002f0c      0x138 ./FreeRTOS/tasks.o
                0x0000000008002f0c                xTaskResumeAll
 .text.xTaskGetTickCount
                0x0000000008003044       0x20 ./FreeRTOS/tasks.o
                0x0000000008003044                xTaskGetTickCount
 .text.xTaskIncrementTick
                0x0000000008003064      0x170 ./FreeRTOS/tasks.o
                0x0000000008003064                xTaskIncrementTick
 .text.vTaskSwitchContext
                0x00000000080031d4       0xb8 ./FreeRTOS/tasks.o
                0x00000000080031d4                vTaskSwitchContext
 .text.vTaskPlaceOnEventList
                0x000000000800328c       0x48 ./FreeRTOS/tasks.o
                0x000000000800328c                vTaskPlaceOnEventList
 .text.vTaskPlaceOnEventListRestricted
                0x00000000080032d4       0x58 ./FreeRTOS/tasks.o
                0x00000000080032d4                vTaskPlaceOnEventListRestricted
 .text.xTaskRemoveFromEventList
                0x000000000800332c       0xc4 ./FreeRTOS/tasks.o
                0x000000000800332c                xTaskRemoveFromEventList
 .text.vTaskInternalSetTimeOutState
                0x00000000080033f0       0x2c ./FreeRTOS/tasks.o
                0x00000000080033f0                vTaskInternalSetTimeOutState
 .text.xTaskCheckForTimeOut
                0x000000000800341c       0xc4 ./FreeRTOS/tasks.o
                0x000000000800341c                xTaskCheckForTimeOut
 .text.vTaskMissedYield
                0x00000000080034e0       0x18 ./FreeRTOS/tasks.o
                0x00000000080034e0                vTaskMissedYield
 .text.prvIdleTask
                0x00000000080034f8       0x30 ./FreeRTOS/tasks.o
 .text.prvInitialiseTaskLists
                0x0000000008003528       0x80 ./FreeRTOS/tasks.o
 .text.prvCheckTasksWaitingTermination
                0x00000000080035a8       0x5c ./FreeRTOS/tasks.o
 .text.prvDeleteTCB
                0x0000000008003604       0x20 ./FreeRTOS/tasks.o
 .text.prvResetNextTaskUnblockTime
                0x0000000008003624       0x40 ./FreeRTOS/tasks.o
 .text.xTaskGetSchedulerState
                0x0000000008003664       0x3c ./FreeRTOS/tasks.o
                0x0000000008003664                xTaskGetSchedulerState
 .text.xTaskPriorityDisinherit
                0x00000000080036a0      0x10c ./FreeRTOS/tasks.o
                0x00000000080036a0                xTaskPriorityDisinherit
 .text.prvAddCurrentTaskToDelayedList
                0x00000000080037ac       0xcc ./FreeRTOS/tasks.o
 .text.xTimerCreateTimerTask
                0x0000000008003878       0x64 ./FreeRTOS/timers.o
                0x0000000008003878                xTimerCreateTimerTask
 .text.xTimerGenericCommand
                0x00000000080038dc       0x9c ./FreeRTOS/timers.o
                0x00000000080038dc                xTimerGenericCommand
 .text.prvProcessExpiredTimer
                0x0000000008003978       0x98 ./FreeRTOS/timers.o
 .text.prvTimerTask
                0x0000000008003a10       0x24 ./FreeRTOS/timers.o
 .text.prvProcessTimerOrBlockTask
                0x0000000008003a34       0x9c ./FreeRTOS/timers.o
 .text.prvGetNextExpireTime
                0x0000000008003ad0       0x48 ./FreeRTOS/timers.o
 .text.prvSampleTimeNow
                0x0000000008003b18       0x40 ./FreeRTOS/timers.o
 .text.prvInsertTimerInActiveList
                0x0000000008003b58       0x84 ./FreeRTOS/timers.o
 .text.prvProcessReceivedCommands
                0x0000000008003bdc      0x18c ./FreeRTOS/timers.o
 .text.prvSwitchTimerLists
                0x0000000008003d68       0xc8 ./FreeRTOS/timers.o
 .text.prvCheckForValidListAndQueue
                0x0000000008003e30       0x6c ./FreeRTOS/timers.o
 .text.pxPortInitialiseStack
                0x0000000008003e9c       0x68 ./FreeRTOS/portable/ARM_CM4F/port.o
                0x0000000008003e9c                pxPortInitialiseStack
 .text.prvTaskExitError
                0x0000000008003f04       0x58 ./FreeRTOS/portable/ARM_CM4F/port.o
 *fill*         0x0000000008003f5c        0x4 
 .text.SVC_Handler
                0x0000000008003f60       0x28 ./FreeRTOS/portable/ARM_CM4F/port.o
                0x0000000008003f60                SVC_Handler
 .text.prvPortStartFirstTask
                0x0000000008003f88       0x28 ./FreeRTOS/portable/ARM_CM4F/port.o
 .text.xPortStartScheduler
                0x0000000008003fb0      0x144 ./FreeRTOS/portable/ARM_CM4F/port.o
                0x0000000008003fb0                xPortStartScheduler
 .text.vPortEnterCritical
                0x00000000080040f4       0x60 ./FreeRTOS/portable/ARM_CM4F/port.o
                0x00000000080040f4                vPortEnterCritical
 .text.vPortExitCritical
                0x0000000008004154       0x54 ./FreeRTOS/portable/ARM_CM4F/port.o
                0x0000000008004154                vPortExitCritical
 *fill*         0x00000000080041a8        0x8 
 .text.PendSV_Handler
                0x00000000080041b0       0x68 ./FreeRTOS/portable/ARM_CM4F/port.o
                0x00000000080041b0                PendSV_Handler
 .text.SysTick_Handler
                0x0000000008004218       0x44 ./FreeRTOS/portable/ARM_CM4F/port.o
                0x0000000008004218                SysTick_Handler
 .text.vPortSetupTimerInterrupt
                0x000000000800425c       0x48 ./FreeRTOS/portable/ARM_CM4F/port.o
                0x000000000800425c                vPortSetupTimerInterrupt
 .text.vPortEnableVFP
                0x00000000080042a4       0x14 ./FreeRTOS/portable/ARM_CM4F/port.o
 .text.vPortValidateInterruptPriority
                0x00000000080042b8       0x80 ./FreeRTOS/portable/ARM_CM4F/port.o
                0x00000000080042b8                vPortValidateInterruptPriority
 .text.pvPortMalloc
                0x0000000008004338      0x188 ./FreeRTOS/portable/MemMang/heap_4.o
                0x0000000008004338                pvPortMalloc
 .text.vPortFree
                0x00000000080044c0       0xb4 ./FreeRTOS/portable/MemMang/heap_4.o
                0x00000000080044c0                vPortFree
 .text.prvHeapInit
                0x0000000008004574       0xc4 ./FreeRTOS/portable/MemMang/heap_4.o
 .text.prvInsertBlockIntoFreeList
                0x0000000008004638       0xb4 ./FreeRTOS/portable/MemMang/heap_4.o
 .text.__libc_init_array
                0x00000000080046ec       0x48 c:/st/stm32cubeide_1.8.0/stm32cubeide/plugins/com.st.stm32cube.ide.mcu.externaltools.gnu-tools-for-stm32.9-2020-q2-update.win32_2.0.0.202105311346/tools/bin/../lib/gcc/arm-none-eabi/9.3.1/../../../../arm-none-eabi/lib/thumb/v7e-m+fp/hard\libc_nano.a(lib_a-init.o)
                0x00000000080046ec                __libc_init_array
 .text.memcpy   0x0000000008004734       0x1c c:/st/stm32cubeide_1.8.0/stm32cubeide/plugins/com.st.stm32cube.ide.mcu.externaltools.gnu-tools-for-stm32.9-2020-q2-update.win32_2.0.0.202105311346/tools/bin/../lib/gcc/arm-none-eabi/9.3.1/../../../../arm-none-eabi/lib/thumb/v7e-m+fp/hard\libc_nano.a(lib_a-memcpy-stub.o)
                0x0000000008004734                memcpy
 .text.memset   0x0000000008004750       0x10 c:/st/stm32cubeide_1.8.0/stm32cubeide/plugins/com.st.stm32cube.ide.mcu.externaltools.gnu-tools-for-stm32.9-2020-q2-update.win32_2.0.0.202105311346/tools/bin/../lib/gcc/arm-none-eabi/9.3.1/../../../../arm-none-eabi/lib/thumb/v7e-m+fp/hard\libc_nano.a(lib_a-memset.o)
                0x0000000008004750                memset
 *(.glue_7)
 .glue_7        0x0000000008004760        0x0 linker stubs
 *(.glue_7t)
 .glue_7t       0x0000000008004760        0x0 linker stubs
 *(.eh_frame)
 .eh_frame      0x0000000008004760        0x0 c:/st/stm32cubeide_1.8.0/stm32cubeide/plugins/com.st.stm32cube.ide.mcu.externaltools.gnu-tools-for-stm32.9-2020-q2-update.win32_2.0.0.202105311346/tools/bin/../lib/gcc/arm-none-eabi/9.3.1/thumb/v7e-m+fp/hard/crtbegin.o
 *(.init)
 .init          0x0000000008004760        0x4 c:/st/stm32cubeide_1.8.0/stm32cubeide/plugins/com.st.stm32cube.ide.mcu.externaltools.gnu-tools-for-stm32.9-2020-q2-update.win32_2.0.0.202105311346/tools/bin/../lib/gcc/arm-none-eabi/9.3.1/thumb/v7e-m+fp/hard/crti.o
                0x0000000008004760                _init
 .init          0x0000000008004764        0x8 c:/st/stm32cubeide_1.8.0/stm32cubeide/plugins/com.st.stm32cube.ide.mcu.externaltools.gnu-tools-for-stm32.9-2020-q2-update.win32_2.0.0.202105311346/tools/bin/../lib/gcc/arm-none-eabi/9.3.1/thumb/v7e-m+fp/hard/crtn.o
 *(.fini)
 .fini          0x000000000800476c        0x4 c:/st/stm32cubeide_1.8.0/stm32cubeide/plugins/com.st.stm32cube.ide.mcu.externaltools.gnu-tools-for-stm32.9-2020-q2-update.win32_2.0.0.202105311346/tools/bin/../lib/gcc/arm-none-eabi/9.3.1/thumb/v7e-m+fp/hard/crti.o
                0x000000000800476c                _fini
 .fini          0x0000000008004770        0x8 c:/st/stm32cubeide_1.8.0/stm32cubeide/plugins/com.st.stm32cube.ide.mcu.externaltools.gnu-tools-for-stm32.9-2020-q2-update.win32_2.0.0.202105311346/tools/bin/../lib/gcc/arm-none-eabi/9.3.1/thumb/v7e-m+fp/hard/crtn.o
                0x0000000008004778                . = ALIGN (0x4)
                0x0000000008004778                _etext = .

.vfp11_veneer   0x0000000008004778        0x0
 .vfp11_veneer  0x0000000008004778        0x0 linker stubs

.v4_bx          0x0000000008004778        0x0
 .v4_bx         0x0000000008004778        0x0 linker stubs

.iplt           0x0000000008004778        0x0
 .iplt          0x0000000008004778        0x0 c:/st/stm32cubeide_1.8.0/stm32cubeide/plugins/com.st.stm32cube.ide.mcu.externaltools.gnu-tools-for-stm32.9-2020-q2-update.win32_2.0.0.202105311346/tools/bin/../lib/gcc/arm-none-eabi/9.3.1/thumb/v7e-m+fp/hard/crtbegin.o

.rodata         0x0000000008004778       0x4c
                0x0000000008004778                . = ALIGN (0x4)
 *(.rodata)
 .rodata        0x0000000008004778       0x1b ./Core/Src/main.o
 *fill*         0x0000000008004793        0x1 
 .rodata        0x0000000008004794        0x5 ./FreeRTOS/tasks.o
 *fill*         0x0000000008004799        0x3 
 .rodata        0x000000000800479c        0xd ./FreeRTOS/timers.o
 *(.rodata*)
 *fill*         0x00000000080047a9        0x3 
 .rodata.AHBPrescTable
                0x00000000080047ac       0x10 ./Core/Src/system_stm32f4xx.o
                0x00000000080047ac                AHBPrescTable
 .rodata.APBPrescTable
                0x00000000080047bc        0x8 ./Core/Src/system_stm32f4xx.o
                0x00000000080047bc                APBPrescTable
                0x00000000080047c4                . = ALIGN (0x4)

.ARM.extab      0x00000000080047c4        0x0
                0x00000000080047c4                . = ALIGN (0x4)
 *(.ARM.extab* .gnu.linkonce.armextab.*)
                0x00000000080047c4                . = ALIGN (0x4)

.ARM            0x00000000080047c4        0x8
                0x00000000080047c4                . = ALIGN (0x4)
                0x00000000080047c4                __exidx_start = .
 *(.ARM.exidx*)
 .ARM.exidx     0x00000000080047c4        0x8 c:/st/stm32cubeide_1.8.0/stm32cubeide/plugins/com.st.stm32cube.ide.mcu.externaltools.gnu-tools-for-stm32.9-2020-q2-update.win32_2.0.0.202105311346/tools/bin/../lib/gcc/arm-none-eabi/9.3.1/thumb/v7e-m+fp/hard\libgcc.a(_udivmoddi4.o)
                0x00000000080047cc                __exidx_end = .
                0x00000000080047cc                . = ALIGN (0x4)

.rel.dyn        0x00000000080047cc        0x0
 .rel.iplt      0x00000000080047cc        0x0 c:/st/stm32cubeide_1.8.0/stm32cubeide/plugins/com.st.stm32cube.ide.mcu.externaltools.gnu-tools-for-stm32.9-2020-q2-update.win32_2.0.0.202105311346/tools/bin/../lib/gcc/arm-none-eabi/9.3.1/thumb/v7e-m+fp/hard/crtbegin.o

.preinit_array  0x00000000080047cc        0x0
                0x00000000080047cc                . = ALIGN (0x4)
                0x00000000080047cc                PROVIDE (__preinit_array_start = .)
 *(.preinit_array*)
                0x00000000080047cc                PROVIDE (__preinit_array_end = .)
                0x00000000080047cc                . = ALIGN (0x4)

.init_array     0x00000000080047cc        0x4
                0x00000000080047cc                . = ALIGN (0x4)
                0x00000000080047cc                PROVIDE (__init_array_start = .)
 *(SORT_BY_NAME(.init_array.*))
 *(.init_array*)
 .init_array    0x00000000080047cc        0x4 c:/st/stm32cubeide_1.8.0/stm32cubeide/plugins/com.st.stm32cube.ide.mcu.externaltools.gnu-tools-for-stm32.9-2020-q2-update.win32_2.0.0.202105311346/tools/bin/../lib/gcc/arm-none-eabi/9.3.1/thumb/v7e-m+fp/hard/crtbegin.o
                0x00000000080047d0                PROVIDE (__init_array_end = .)
                0x00000000080047d0                . = ALIGN (0x4)

.fini_array     0x00000000080047d0        0x4
                0x00000000080047d0                . = ALIGN (0x4)
                [!provide]                        PROVIDE (__fini_array_start = .)
 *(SORT_BY_NAME(.fini_array.*))
 *(.fini_array*)
 .fini_array    0x00000000080047d0        0x4 c:/st/stm32cubeide_1.8.0/stm32cubeide/plugins/com.st.stm32cube.ide.mcu.externaltools.gnu-tools-for-stm32.9-2020-q2-update.win32_2.0.0.202105311346/tools/bin/../lib/gcc/arm-none-eabi/9.3.1/thumb/v7e-m+fp/hard/crtbegin.o
                [!provide]                        PROVIDE (__fini_array_end = .)
                0x00000000080047d4                . = ALIGN (0x4)
                0x00000000080047d4                _sidata = LOADADDR (.data)

.data           0x0000000020000000       0x10 load address 0x00000000080047d4
                0x0000000020000000                . = ALIGN (0x4)
                0x0000000020000000                _sdata = .
 *(.data)
 *(.data*)
 .data.SystemCoreClock
                0x0000000020000000        0x4 ./Core/Src/system_stm32f4xx.o
                0x0000000020000000                SystemCoreClock
 .data.uwTickPrio
                0x0000000020000004        0x4 ./Drivers/STM32F4xx_HAL_Driver/Src/stm32f4xx_hal.o
                0x0000000020000004                uwTickPrio
 .data.uwTickFreq
                0x0000000020000008        0x1 ./Drivers/STM32F4xx_HAL_Driver/Src/stm32f4xx_hal.o
                0x0000000020000008                uwTickFreq
 *fill*         0x0000000020000009        0x3 
 .data.uxCriticalNesting
                0x000000002000000c        0x4 ./FreeRTOS/portable/ARM_CM4F/port.o
 *(.RamFunc)
 *(.RamFunc*)
                0x0000000020000010                . = ALIGN (0x4)
                0x0000000020000010                _edata = .
                0x00000000080047e4                _siccmram = LOADADDR (.ccmram)

.igot.plt       0x0000000020000010        0x0 load address 0x00000000080047e4
 .igot.plt      0x0000000020000010        0x0 c:/st/stm32cubeide_1.8.0/stm32cubeide/plugins/com.st.stm32cube.ide.mcu.externaltools.gnu-tools-for-stm32.9-2020-q2-update.win32_2.0.0.202105311346/tools/bin/../lib/gcc/arm-none-eabi/9.3.1/thumb/v7e-m+fp/hard/crtbegin.o

.ccmram         0x0000000010000000        0x0 load address 0x00000000080047e4
                0x0000000010000000                . = ALIGN (0x4)
                0x0000000010000000                _sccmram = .
 *(.ccmram)
 *(.ccmram*)
                0x0000000010000000                . = ALIGN (0x4)
                0x0000000010000000                _eccmram = .
                0x0000000010000000                . = ALIGN (0x4)

.bss            0x0000000020000010    0x12e0c
                0x0000000020000010                _sbss = .
                0x0000000020000010                __bss_start__ = _sbss
 *(.bss)
 .bss           0x0000000020000010       0x1c c:/st/stm32cubeide_1.8.0/stm32cubeide/plugins/com.st.stm32cube.ide.mcu.externaltools.gnu-tools-for-stm32.9-2020-q2-update.win32_2.0.0.202105311346/tools/bin/../lib/gcc/arm-none-eabi/9.3.1/thumb/v7e-m+fp/hard/crtbegin.o
 *(.bss*)
 .bss.MsgQueue  0x000000002000002c        0x4 ./Core/Src/main.o
                0x000000002000002c                MsgQueue
 .bss.pxCurrentTCB
                0x0000000020000030        0x4 ./FreeRTOS/tasks.o
                0x0000000020000030                pxCurrentTCB
 .bss.pxReadyTasksLists
                0x0000000020000034       0x64 ./FreeRTOS/tasks.o
 .bss.xDelayedTaskList1
                0x0000000020000098       0x14 ./FreeRTOS/tasks.o
 .bss.xDelayedTaskList2
                0x00000000200000ac       0x14 ./FreeRTOS/tasks.o
 .bss.pxDelayedTaskList
                0x00000000200000c0        0x4 ./FreeRTOS/tasks.o
 .bss.pxOverflowDelayedTaskList
                0x00000000200000c4        0x4 ./FreeRTOS/tasks.o
 .bss.xPendingReadyList
                0x00000000200000c8       0x14 ./FreeRTOS/tasks.o
 .bss.xTasksWaitingTermination
                0x00000000200000dc       0x14 ./FreeRTOS/tasks.o
 .bss.uxDeletedTasksWaitingCleanUp
                0x00000000200000f0        0x4 ./FreeRTOS/tasks.o
 .bss.xSuspendedTaskList
                0x00000000200000f4       0x14 ./FreeRTOS/tasks.o
 .bss.uxCurrentNumberOfTasks
                0x0000000020000108        0x4 ./FreeRTOS/tasks.o
 .bss.xTickCount
                0x000000002000010c        0x4 ./FreeRTOS/tasks.o
 .bss.uxTopReadyPriority
                0x0000000020000110        0x4 ./FreeRTOS/tasks.o
 .bss.xSchedulerRunning
                0x0000000020000114        0x4 ./FreeRTOS/tasks.o
 .bss.uxPendedTicks
                0x0000000020000118        0x4 ./FreeRTOS/tasks.o
 .bss.xYieldPending
                0x000000002000011c        0x4 ./FreeRTOS/tasks.o
 .bss.xNumOfOverflows
                0x0000000020000120        0x4 ./FreeRTOS/tasks.o
 .bss.uxTaskNumber
                0x0000000020000124        0x4 ./FreeRTOS/tasks.o
 .bss.xNextTaskUnblockTime
                0x0000000020000128        0x4 ./FreeRTOS/tasks.o
 .bss.xIdleTaskHandle
                0x000000002000012c        0x4 ./FreeRTOS/tasks.o
 .bss.uxSchedulerSuspended
                0x0000000020000130        0x4 ./FreeRTOS/tasks.o
 .bss.xActiveTimerList1
                0x0000000020000134       0x14 ./FreeRTOS/timers.o
 .bss.xActiveTimerList2
                0x0000000020000148       0x14 ./FreeRTOS/timers.o
 .bss.pxCurrentTimerList
                0x000000002000015c        0x4 ./FreeRTOS/timers.o
 .bss.pxOverflowTimerList
                0x0000000020000160        0x4 ./FreeRTOS/timers.o
 .bss.xTimerQueue
                0x0000000020000164        0x4 ./FreeRTOS/timers.o
 .bss.xTimerTaskHandle
                0x0000000020000168        0x4 ./FreeRTOS/timers.o
 .bss.xLastTime.6861
                0x000000002000016c        0x4 ./FreeRTOS/timers.o
 .bss.ucMaxSysCallPriority
                0x0000000020000170        0x1 ./FreeRTOS/portable/ARM_CM4F/port.o
 *fill*         0x0000000020000171        0x3 
 .bss.ulMaxPRIGROUPValue
                0x0000000020000174        0x4 ./FreeRTOS/portable/ARM_CM4F/port.o
 .bss.ucHeap    0x0000000020000178    0x12c00 ./FreeRTOS/portable/MemMang/heap_4.o
 .bss.xStart    0x0000000020012d78        0x8 ./FreeRTOS/portable/MemMang/heap_4.o
 .bss.pxEnd     0x0000000020012d80        0x4 ./FreeRTOS/portable/MemMang/heap_4.o
 .bss.xFreeBytesRemaining
                0x0000000020012d84        0x4 ./FreeRTOS/portable/MemMang/heap_4.o
 .bss.xMinimumEverFreeBytesRemaining
                0x0000000020012d88        0x4 ./FreeRTOS/portable/MemMang/heap_4.o
 .bss.xBlockAllocatedBit
                0x0000000020012d8c        0x4 ./FreeRTOS/portable/MemMang/heap_4.o
 *(COMMON)
 COMMON         0x0000000020012d90       0x48 ./Core/Src/stm32f4xx_hal_timebase_tim.o
                0x0000000020012d90                htim7
 COMMON         0x0000000020012dd8        0x4 ./Drivers/STM32F4xx_HAL_Driver/Src/stm32f4xx_hal.o
                0x0000000020012dd8                uwTick
 COMMON         0x0000000020012ddc       0x40 ./FreeRTOS/queue.o
                0x0000000020012ddc                xQueueRegistry
                0x0000000020012e1c                . = ALIGN (0x4)
                0x0000000020012e1c                _ebss = .
                0x0000000020012e1c                __bss_end__ = _ebss

._user_heap_stack
                0x0000000020012e1c      0x604
                0x0000000020012e20                . = ALIGN (0x8)
 *fill*         0x0000000020012e1c        0x4 
                [!provide]                        PROVIDE (end = .)
                0x0000000020012e20                PROVIDE (_end = .)
                0x0000000020013020                . = (. + _Min_Heap_Size)
 *fill*         0x0000000020012e20      0x200 
                0x0000000020013420                . = (. + _Min_Stack_Size)
 *fill*         0x0000000020013020      0x400 
                0x0000000020013420                . = ALIGN (0x8)

/DISCARD/
 libc.a(*)
 libm.a(*)
 libgcc.a(*)

.ARM.attributes
                0x0000000000000000       0x30
 *(.ARM.attributes)
 .ARM.attributes
                0x0000000000000000       0x1e c:/st/stm32cubeide_1.8.0/stm32cubeide/plugins/com.st.stm32cube.ide.mcu.externaltools.gnu-tools-for-stm32.9-2020-q2-update.win32_2.0.0.202105311346/tools/bin/../lib/gcc/arm-none-eabi/9.3.1/thumb/v7e-m+fp/hard/crti.o
 .ARM.attributes
                0x000000000000001e       0x34 c:/st/stm32cubeide_1.8.0/stm32cubeide/plugins/com.st.stm32cube.ide.mcu.externaltools.gnu-tools-for-stm32.9-2020-q2-update.win32_2.0.0.202105311346/tools/bin/../lib/gcc/arm-none-eabi/9.3.1/thumb/v7e-m+fp/hard/crtbegin.o
 .ARM.attributes
                0x0000000000000052       0x34 ./Core/Src/main.o
 .ARM.attributes
                0x0000000000000086       0x34 ./Core/Src/stm32f4xx_hal_msp.o
 .ARM.attributes
                0x00000000000000ba       0x34 ./Core/Src/stm32f4xx_hal_timebase_tim.o
 .ARM.attributes
                0x00000000000000ee       0x34 ./Core/Src/stm32f4xx_it.o
 .ARM.attributes
                0x0000000000000122       0x34 ./Core/Src/system_stm32f4xx.o
 .ARM.attributes
                0x0000000000000156       0x21 ./Core/Startup/startup_stm32f407vgtx.o
 .ARM.attributes
                0x0000000000000177       0x34 ./Drivers/STM32F4xx_HAL_Driver/Src/stm32f4xx_hal.o
 .ARM.attributes
                0x00000000000001ab       0x34 ./Drivers/STM32F4xx_HAL_Driver/Src/stm32f4xx_hal_cortex.o
 .ARM.attributes
                0x00000000000001df       0x34 ./Drivers/STM32F4xx_HAL_Driver/Src/stm32f4xx_hal_gpio.o
 .ARM.attributes
                0x0000000000000213       0x34 ./Drivers/STM32F4xx_HAL_Driver/Src/stm32f4xx_hal_rcc.o
 .ARM.attributes
                0x0000000000000247       0x34 ./Drivers/STM32F4xx_HAL_Driver/Src/stm32f4xx_hal_tim.o
 .ARM.attributes
                0x000000000000027b       0x34 ./Drivers/STM32F4xx_HAL_Driver/Src/stm32f4xx_hal_tim_ex.o
 .ARM.attributes
                0x00000000000002af       0x34 ./FreeRTOS/list.o
 .ARM.attributes
                0x00000000000002e3       0x34 ./FreeRTOS/queue.o
 .ARM.attributes
                0x0000000000000317       0x34 ./FreeRTOS/tasks.o
 .ARM.attributes
                0x000000000000034b       0x34 ./FreeRTOS/timers.o
 .ARM.attributes
                0x000000000000037f       0x34 ./FreeRTOS/portable/ARM_CM4F/port.o
 .ARM.attributes
                0x00000000000003b3       0x34 ./FreeRTOS/portable/MemMang/heap_4.o
 .ARM.attributes
                0x00000000000003e7       0x34 c:/st/stm32cubeide_1.8.0/stm32cubeide/plugins/com.st.stm32cube.ide.mcu.externaltools.gnu-tools-for-stm32.9-2020-q2-update.win32_2.0.0.202105311346/tools/bin/../lib/gcc/arm-none-eabi/9.3.1/../../../../arm-none-eabi/lib/thumb/v7e-m+fp/hard\libc_nano.a(lib_a-init.o)
 .ARM.attributes
                0x000000000000041b       0x34 c:/st/stm32cubeide_1.8.0/stm32cubeide/plugins/com.st.stm32cube.ide.mcu.externaltools.gnu-tools-for-stm32.9-2020-q2-update.win32_2.0.0.202105311346/tools/bin/../lib/gcc/arm-none-eabi/9.3.1/../../../../arm-none-eabi/lib/thumb/v7e-m+fp/hard\libc_nano.a(lib_a-memcpy-stub.o)
 .ARM.attributes
                0x000000000000044f       0x34 c:/st/stm32cubeide_1.8.0/stm32cubeide/plugins/com.st.stm32cube.ide.mcu.externaltools.gnu-tools-for-stm32.9-2020-q2-update.win32_2.0.0.202105311346/tools/bin/../lib/gcc/arm-none-eabi/9.3.1/../../../../arm-none-eabi/lib/thumb/v7e-m+fp/hard\libc_nano.a(lib_a-memset.o)
 .ARM.attributes
                0x0000000000000483       0x1e c:/st/stm32cubeide_1.8.0/stm32cubeide/plugins/com.st.stm32cube.ide.mcu.externaltools.gnu-tools-for-stm32.9-2020-q2-update.win32_2.0.0.202105311346/tools/bin/../lib/gcc/arm-none-eabi/9.3.1/thumb/v7e-m+fp/hard\libgcc.a(_aeabi_uldivmod.o)
 .ARM.attributes
                0x00000000000004a1       0x34 c:/st/stm32cubeide_1.8.0/stm32cubeide/plugins/com.st.stm32cube.ide.mcu.externaltools.gnu-tools-for-stm32.9-2020-q2-update.win32_2.0.0.202105311346/tools/bin/../lib/gcc/arm-none-eabi/9.3.1/thumb/v7e-m+fp/hard\libgcc.a(_udivmoddi4.o)
 .ARM.attributes
                0x00000000000004d5       0x1e c:/st/stm32cubeide_1.8.0/stm32cubeide/plugins/com.st.stm32cube.ide.mcu.externaltools.gnu-tools-for-stm32.9-2020-q2-update.win32_2.0.0.202105311346/tools/bin/../lib/gcc/arm-none-eabi/9.3.1/thumb/v7e-m+fp/hard\libgcc.a(_dvmd_tls.o)
 .ARM.attributes
                0x00000000000004f3       0x1e c:/st/stm32cubeide_1.8.0/stm32cubeide/plugins/com.st.stm32cube.ide.mcu.externaltools.gnu-tools-for-stm32.9-2020-q2-update.win32_2.0.0.202105311346/tools/bin/../lib/gcc/arm-none-eabi/9.3.1/thumb/v7e-m+fp/hard/crtn.o
OUTPUT(lab_test.elf elf32-littlearm)
LOAD linker stubs
LOAD c:/st/stm32cubeide_1.8.0/stm32cubeide/plugins/com.st.stm32cube.ide.mcu.externaltools.gnu-tools-for-stm32.9-2020-q2-update.win32_2.0.0.202105311346/tools/bin/../lib/gcc/arm-none-eabi/9.3.1/../../../../arm-none-eabi/lib/thumb/v7e-m+fp/hard\libc.a
LOAD c:/st/stm32cubeide_1.8.0/stm32cubeide/plugins/com.st.stm32cube.ide.mcu.externaltools.gnu-tools-for-stm32.9-2020-q2-update.win32_2.0.0.202105311346/tools/bin/../lib/gcc/arm-none-eabi/9.3.1/../../../../arm-none-eabi/lib/thumb/v7e-m+fp/hard\libm.a
LOAD c:/st/stm32cubeide_1.8.0/stm32cubeide/plugins/com.st.stm32cube.ide.mcu.externaltools.gnu-tools-for-stm32.9-2020-q2-update.win32_2.0.0.202105311346/tools/bin/../lib/gcc/arm-none-eabi/9.3.1/thumb/v7e-m+fp/hard\libgcc.a

.debug_info     0x0000000000000000    0x11926
 .debug_info    0x0000000000000000     0x16fd ./Core/Src/main.o
 .debug_info    0x00000000000016fd      0x394 ./Core/Src/stm32f4xx_hal_msp.o
 .debug_info    0x0000000000001a91      0xc6c ./Core/Src/stm32f4xx_hal_timebase_tim.o
 .debug_info    0x00000000000026fd      0x7cb ./Core/Src/stm32f4xx_it.o
 .debug_info    0x0000000000002ec8      0x5a4 ./Core/Src/system_stm32f4xx.o
 .debug_info    0x000000000000346c       0x22 ./Core/Startup/startup_stm32f407vgtx.o
 .debug_info    0x000000000000348e      0x9b2 ./Drivers/STM32F4xx_HAL_Driver/Src/stm32f4xx_hal.o
 .debug_info    0x0000000000003e40      0xed7 ./Drivers/STM32F4xx_HAL_Driver/Src/stm32f4xx_hal_cortex.o
 .debug_info    0x0000000000004d17      0x83e ./Drivers/STM32F4xx_HAL_Driver/Src/stm32f4xx_hal_gpio.o
 .debug_info    0x0000000000005555      0x996 ./Drivers/STM32F4xx_HAL_Driver/Src/stm32f4xx_hal_rcc.o
 .debug_info    0x0000000000005eeb     0x2c22 ./Drivers/STM32F4xx_HAL_Driver/Src/stm32f4xx_hal_tim.o
 .debug_info    0x0000000000008b0d     0x15a2 ./Drivers/STM32F4xx_HAL_Driver/Src/stm32f4xx_hal_tim_ex.o
 .debug_info    0x000000000000a0af      0xb82 ./FreeRTOS/list.o
 .debug_info    0x000000000000ac31     0x1f3f ./FreeRTOS/queue.o
 .debug_info    0x000000000000cb70     0x274b ./FreeRTOS/tasks.o
 .debug_info    0x000000000000f2bb     0x1501 ./FreeRTOS/timers.o
 .debug_info    0x00000000000107bc      0x4f1 ./FreeRTOS/portable/ARM_CM4F/port.o
 .debug_info    0x0000000000010cad      0xc79 ./FreeRTOS/portable/MemMang/heap_4.o

.debug_abbrev   0x0000000000000000     0x27c8
 .debug_abbrev  0x0000000000000000      0x2d6 ./Core/Src/main.o
 .debug_abbrev  0x00000000000002d6      0x11d ./Core/Src/stm32f4xx_hal_msp.o
 .debug_abbrev  0x00000000000003f3      0x1bf ./Core/Src/stm32f4xx_hal_timebase_tim.o
 .debug_abbrev  0x00000000000005b2      0x176 ./Core/Src/stm32f4xx_it.o
 .debug_abbrev  0x0000000000000728      0x145 ./Core/Src/system_stm32f4xx.o
 .debug_abbrev  0x000000000000086d       0x12 ./Core/Startup/startup_stm32f407vgtx.o
 .debug_abbrev  0x000000000000087f      0x1ed ./Drivers/STM32F4xx_HAL_Driver/Src/stm32f4xx_hal.o
 .debug_abbrev  0x0000000000000a6c      0x33c ./Drivers/STM32F4xx_HAL_Driver/Src/stm32f4xx_hal_cortex.o
 .debug_abbrev  0x0000000000000da8      0x1f1 ./Drivers/STM32F4xx_HAL_Driver/Src/stm32f4xx_hal_gpio.o
 .debug_abbrev  0x0000000000000f99      0x275 ./Drivers/STM32F4xx_HAL_Driver/Src/stm32f4xx_hal_rcc.o
 .debug_abbrev  0x000000000000120e      0x25e ./Drivers/STM32F4xx_HAL_Driver/Src/stm32f4xx_hal_tim.o
 .debug_abbrev  0x000000000000146c      0x266 ./Drivers/STM32F4xx_HAL_Driver/Src/stm32f4xx_hal_tim_ex.o
 .debug_abbrev  0x00000000000016d2      0x1f7 ./FreeRTOS/list.o
 .debug_abbrev  0x00000000000018c9      0x362 ./FreeRTOS/queue.o
 .debug_abbrev  0x0000000000001c2b      0x39c ./FreeRTOS/tasks.o
 .debug_abbrev  0x0000000000001fc7      0x2fd ./FreeRTOS/timers.o
 .debug_abbrev  0x00000000000022c4      0x231 ./FreeRTOS/portable/ARM_CM4F/port.o
 .debug_abbrev  0x00000000000024f5      0x2d3 ./FreeRTOS/portable/MemMang/heap_4.o

.debug_aranges  0x0000000000000000      0xe58
 .debug_aranges
                0x0000000000000000       0x50 ./Core/Src/main.o
 .debug_aranges
                0x0000000000000050       0x20 ./Core/Src/stm32f4xx_hal_msp.o
 .debug_aranges
                0x0000000000000070       0x30 ./Core/Src/stm32f4xx_hal_timebase_tim.o
 .debug_aranges
                0x00000000000000a0       0x50 ./Core/Src/stm32f4xx_it.o
 .debug_aranges
                0x00000000000000f0       0x28 ./Core/Src/system_stm32f4xx.o
 .debug_aranges
                0x0000000000000118       0x28 ./Core/Startup/startup_stm32f407vgtx.o
 .debug_aranges
                0x0000000000000140       0xf0 ./Drivers/STM32F4xx_HAL_Driver/Src/stm32f4xx_hal.o
 .debug_aranges
                0x0000000000000230      0x118 ./Drivers/STM32F4xx_HAL_Driver/Src/stm32f4xx_hal_cortex.o
 .debug_aranges
                0x0000000000000348       0x58 ./Drivers/STM32F4xx_HAL_Driver/Src/stm32f4xx_hal_gpio.o
 .debug_aranges
                0x00000000000003a0       0x88 ./Drivers/STM32F4xx_HAL_Driver/Src/stm32f4xx_hal_rcc.o
 .debug_aranges
                0x0000000000000428      0x3d0 ./Drivers/STM32F4xx_HAL_Driver/Src/stm32f4xx_hal_tim.o
 .debug_aranges
                0x00000000000007f8      0x168 ./Drivers/STM32F4xx_HAL_Driver/Src/stm32f4xx_hal_tim_ex.o
 .debug_aranges
                0x0000000000000960       0x40 ./FreeRTOS/list.o
 .debug_aranges
                0x00000000000009a0      0x130 ./FreeRTOS/queue.o
 .debug_aranges
                0x0000000000000ad0      0x1e8 ./FreeRTOS/tasks.o
 .debug_aranges
                0x0000000000000cb8       0xd0 ./FreeRTOS/timers.o
 .debug_aranges
                0x0000000000000d88       0x80 ./FreeRTOS/portable/ARM_CM4F/port.o
 .debug_aranges
                0x0000000000000e08       0x50 ./FreeRTOS/portable/MemMang/heap_4.o

.debug_ranges   0x0000000000000000      0xd40
 .debug_ranges  0x0000000000000000       0x40 ./Core/Src/main.o
 .debug_ranges  0x0000000000000040       0x10 ./Core/Src/stm32f4xx_hal_msp.o
 .debug_ranges  0x0000000000000050       0x20 ./Core/Src/stm32f4xx_hal_timebase_tim.o
 .debug_ranges  0x0000000000000070       0x40 ./Core/Src/stm32f4xx_it.o
 .debug_ranges  0x00000000000000b0       0x18 ./Core/Src/system_stm32f4xx.o
 .debug_ranges  0x00000000000000c8       0x20 ./Core/Startup/startup_stm32f407vgtx.o
 .debug_ranges  0x00000000000000e8       0xe0 ./Drivers/STM32F4xx_HAL_Driver/Src/stm32f4xx_hal.o
 .debug_ranges  0x00000000000001c8      0x108 ./Drivers/STM32F4xx_HAL_Driver/Src/stm32f4xx_hal_cortex.o
 .debug_ranges  0x00000000000002d0       0x48 ./Drivers/STM32F4xx_HAL_Driver/Src/stm32f4xx_hal_gpio.o
 .debug_ranges  0x0000000000000318       0x78 ./Drivers/STM32F4xx_HAL_Driver/Src/stm32f4xx_hal_rcc.o
 .debug_ranges  0x0000000000000390      0x3c0 ./Drivers/STM32F4xx_HAL_Driver/Src/stm32f4xx_hal_tim.o
 .debug_ranges  0x0000000000000750      0x158 ./Drivers/STM32F4xx_HAL_Driver/Src/stm32f4xx_hal_tim_ex.o
 .debug_ranges  0x00000000000008a8       0x30 ./FreeRTOS/list.o
 .debug_ranges  0x00000000000008d8      0x120 ./FreeRTOS/queue.o
 .debug_ranges  0x00000000000009f8      0x1d8 ./FreeRTOS/tasks.o
 .debug_ranges  0x0000000000000bd0       0xc0 ./FreeRTOS/timers.o
 .debug_ranges  0x0000000000000c90       0x70 ./FreeRTOS/portable/ARM_CM4F/port.o
 .debug_ranges  0x0000000000000d00       0x40 ./FreeRTOS/portable/MemMang/heap_4.o

.debug_macro    0x0000000000000000    0x22114
 .debug_macro   0x0000000000000000      0x3e1 ./Core/Src/main.o
 .debug_macro   0x00000000000003e1      0xaa8 ./Core/Src/main.o
 .debug_macro   0x0000000000000e89      0x295 ./Core/Src/main.o
 .debug_macro   0x000000000000111e       0x2e ./Core/Src/main.o
 .debug_macro   0x000000000000114c       0x2f ./Core/Src/main.o
 .debug_macro   0x000000000000117b       0x22 ./Core/Src/main.o
 .debug_macro   0x000000000000119d       0x8e ./Core/Src/main.o
 .debug_macro   0x000000000000122b       0x51 ./Core/Src/main.o
 .debug_macro   0x000000000000127c      0x103 ./Core/Src/main.o
 .debug_macro   0x000000000000137f       0x6a ./Core/Src/main.o
 .debug_macro   0x00000000000013e9      0x1df ./Core/Src/main.o
 .debug_macro   0x00000000000015c8       0x1c ./Core/Src/main.o
 .debug_macro   0x00000000000015e4       0x22 ./Core/Src/main.o
 .debug_macro   0x0000000000001606       0xdf ./Core/Src/main.o
 .debug_macro   0x00000000000016e5     0x102d ./Core/Src/main.o
 .debug_macro   0x0000000000002712      0x11f ./Core/Src/main.o
 .debug_macro   0x0000000000002831    0x15e58 ./Core/Src/main.o
 .debug_macro   0x0000000000018689       0x6d ./Core/Src/main.o
 .debug_macro   0x00000000000186f6     0x3666 ./Core/Src/main.o
 .debug_macro   0x000000000001bd5c      0x174 ./Core/Src/main.o
 .debug_macro   0x000000000001bed0       0x5c ./Core/Src/main.o
 .debug_macro   0x000000000001bf2c      0x96b ./Core/Src/main.o
 .debug_macro   0x000000000001c897      0x9fe ./Core/Src/main.o
 .debug_macro   0x000000000001d295      0x116 ./Core/Src/main.o
 .debug_macro   0x000000000001d3ab      0x13e ./Core/Src/main.o
 .debug_macro   0x000000000001d4e9       0xa5 ./Core/Src/main.o
 .debug_macro   0x000000000001d58e      0x174 ./Core/Src/main.o
 .debug_macro   0x000000000001d702      0x287 ./Core/Src/main.o
 .debug_macro   0x000000000001d989       0x5f ./Core/Src/main.o
 .debug_macro   0x000000000001d9e8      0x236 ./Core/Src/main.o
 .debug_macro   0x000000000001dc1e      0x12c ./Core/Src/main.o
 .debug_macro   0x000000000001dd4a      0x21e ./Core/Src/main.o
 .debug_macro   0x000000000001df68       0x2e ./Core/Src/main.o
 .debug_macro   0x000000000001df96      0x11a ./Core/Src/main.o
 .debug_macro   0x000000000001e0b0       0x7e ./Core/Src/main.o
 .debug_macro   0x000000000001e12e       0x89 ./Core/Src/main.o
 .debug_macro   0x000000000001e1b7      0x8d1 ./Core/Src/main.o
 .debug_macro   0x000000000001ea88       0x47 ./Core/Src/main.o
 .debug_macro   0x000000000001eacf      0x12d ./Core/Src/main.o
 .debug_macro   0x000000000001ebfc      0x190 ./Core/Src/main.o
 .debug_macro   0x000000000001ed8c       0x52 ./Core/Src/main.o
 .debug_macro   0x000000000001edde       0x18 ./Core/Src/main.o
 .debug_macro   0x000000000001edf6       0x3c ./Core/Src/main.o
 .debug_macro   0x000000000001ee32       0x34 ./Core/Src/main.o
 .debug_macro   0x000000000001ee66       0x16 ./Core/Src/main.o
 .debug_macro   0x000000000001ee7c       0x35 ./Core/Src/main.o
 .debug_macro   0x000000000001eeb1      0x333 ./Core/Src/main.o
 .debug_macro   0x000000000001f1e4       0x10 ./Core/Src/main.o
 .debug_macro   0x000000000001f1f4       0x16 ./Core/Src/main.o
 .debug_macro   0x000000000001f20a       0x43 ./Core/Src/main.o
 .debug_macro   0x000000000001f24d       0x34 ./Core/Src/main.o
 .debug_macro   0x000000000001f281       0x10 ./Core/Src/main.o
 .debug_macro   0x000000000001f291       0x58 ./Core/Src/main.o
 .debug_macro   0x000000000001f2e9       0x71 ./Core/Src/main.o
 .debug_macro   0x000000000001f35a       0x1c ./Core/Src/main.o
 .debug_macro   0x000000000001f376      0x12a ./Core/Src/main.o
 .debug_macro   0x000000000001f4a0       0x10 ./Core/Src/main.o
 .debug_macro   0x000000000001f4b0       0x1c ./Core/Src/main.o
 .debug_macro   0x000000000001f4cc       0x52 ./Core/Src/main.o
 .debug_macro   0x000000000001f51e       0x22 ./Core/Src/main.o
 .debug_macro   0x000000000001f540       0x10 ./Core/Src/main.o
 .debug_macro   0x000000000001f550       0x40 ./Core/Src/main.o
 .debug_macro   0x000000000001f590       0xd5 ./Core/Src/main.o
 .debug_macro   0x000000000001f665       0x1c ./Core/Src/main.o
 .debug_macro   0x000000000001f681       0x3d ./Core/Src/main.o
 .debug_macro   0x000000000001f6be       0x16 ./Core/Src/main.o
 .debug_macro   0x000000000001f6d4      0x145 ./Core/Src/main.o
 .debug_macro   0x000000000001f819       0x16 ./Core/Src/main.o
 .debug_macro   0x000000000001f82f       0x16 ./Core/Src/main.o
 .debug_macro   0x000000000001f845       0x29 ./Core/Src/main.o
 .debug_macro   0x000000000001f86e      0x106 ./Core/Src/main.o
 .debug_macro   0x000000000001f974      0x15a ./Core/Src/main.o
 .debug_macro   0x000000000001face       0xe4 ./Core/Src/main.o
 .debug_macro   0x000000000001fbb2       0x1c ./Core/Src/main.o
 .debug_macro   0x000000000001fbce       0x26 ./Core/Src/main.o
 .debug_macro   0x000000000001fbf4      0x4d3 ./Core/Src/main.o
 .debug_macro   0x00000000000200c7       0xb5 ./Core/Src/main.o
 .debug_macro   0x000000000002017c       0xaa ./Core/Src/main.o
 .debug_macro   0x0000000000020226       0x80 ./Core/Src/main.o
 .debug_macro   0x00000000000202a6      0x1d3 ./Core/Src/stm32f4xx_hal_msp.o
 .debug_macro   0x0000000000020479      0x1c4 ./Core/Src/stm32f4xx_hal_timebase_tim.o
 .debug_macro   0x000000000002063d      0x1dd ./Core/Src/stm32f4xx_it.o
 .debug_macro   0x000000000002081a      0x1c4 ./Core/Src/system_stm32f4xx.o
 .debug_macro   0x00000000000209de      0x224 ./Drivers/STM32F4xx_HAL_Driver/Src/stm32f4xx_hal.o
 .debug_macro   0x0000000000020c02      0x1c4 ./Drivers/STM32F4xx_HAL_Driver/Src/stm32f4xx_hal_cortex.o
 .debug_macro   0x0000000000020dc6      0x1ca ./Drivers/STM32F4xx_HAL_Driver/Src/stm32f4xx_hal_gpio.o
 .debug_macro   0x0000000000020f90      0x1e8 ./Drivers/STM32F4xx_HAL_Driver/Src/stm32f4xx_hal_rcc.o
 .debug_macro   0x0000000000021178      0x1c5 ./Drivers/STM32F4xx_HAL_Driver/Src/stm32f4xx_hal_tim.o
 .debug_macro   0x000000000002133d      0x1c4 ./Drivers/STM32F4xx_HAL_Driver/Src/stm32f4xx_hal_tim_ex.o
 .debug_macro   0x0000000000021501      0x187 ./FreeRTOS/list.o
 .debug_macro   0x0000000000021688      0x216 ./FreeRTOS/queue.o
 .debug_macro   0x000000000002189e       0x16 ./FreeRTOS/queue.o
 .debug_macro   0x00000000000218b4       0x20 ./FreeRTOS/queue.o
 .debug_macro   0x00000000000218d4      0x279 ./FreeRTOS/tasks.o
 .debug_macro   0x0000000000021b4d       0x10 ./FreeRTOS/tasks.o
 .debug_macro   0x0000000000021b5d      0x1dc ./FreeRTOS/timers.o
 .debug_macro   0x0000000000021d39       0x97 ./FreeRTOS/timers.o
 .debug_macro   0x0000000000021dd0      0x196 ./FreeRTOS/portable/ARM_CM4F/port.o
 .debug_macro   0x0000000000021f66      0x1ae ./FreeRTOS/portable/MemMang/heap_4.o

.debug_line     0x0000000000000000     0xfad4
 .debug_line    0x0000000000000000      0xc0b ./Core/Src/main.o
 .debug_line    0x0000000000000c0b      0x6ae ./Core/Src/stm32f4xx_hal_msp.o
 .debug_line    0x00000000000012b9      0x70e ./Core/Src/stm32f4xx_hal_timebase_tim.o
 .debug_line    0x00000000000019c7      0x74b ./Core/Src/stm32f4xx_it.o
 .debug_line    0x0000000000002112      0x730 ./Core/Src/system_stm32f4xx.o
 .debug_line    0x0000000000002842       0x88 ./Core/Startup/startup_stm32f407vgtx.o
 .debug_line    0x00000000000028ca      0x996 ./Drivers/STM32F4xx_HAL_Driver/Src/stm32f4xx_hal.o
 .debug_line    0x0000000000003260      0xc45 ./Drivers/STM32F4xx_HAL_Driver/Src/stm32f4xx_hal_cortex.o
 .debug_line    0x0000000000003ea5      0xb0c ./Drivers/STM32F4xx_HAL_Driver/Src/stm32f4xx_hal_gpio.o
 .debug_line    0x00000000000049b1      0xd12 ./Drivers/STM32F4xx_HAL_Driver/Src/stm32f4xx_hal_rcc.o
 .debug_line    0x00000000000056c3     0x368a ./Drivers/STM32F4xx_HAL_Driver/Src/stm32f4xx_hal_tim.o
 .debug_line    0x0000000000008d4d     0x1993 ./Drivers/STM32F4xx_HAL_Driver/Src/stm32f4xx_hal_tim_ex.o
 .debug_line    0x000000000000a6e0      0x700 ./FreeRTOS/list.o
 .debug_line    0x000000000000ade0     0x1510 ./FreeRTOS/queue.o
 .debug_line    0x000000000000c2f0     0x1b26 ./FreeRTOS/tasks.o
 .debug_line    0x000000000000de16      0xc1b ./FreeRTOS/timers.o
 .debug_line    0x000000000000ea31      0x7e1 ./FreeRTOS/portable/ARM_CM4F/port.o
 .debug_line    0x000000000000f212      0x8c2 ./FreeRTOS/portable/MemMang/heap_4.o

.debug_str      0x0000000000000000    0xd066a
 .debug_str     0x0000000000000000    0xcaa97 ./Core/Src/main.o
                                      0xcae91 (size before relaxing)
 .debug_str     0x00000000000caa97       0x2c ./Core/Src/stm32f4xx_hal_msp.o
                                      0xc2006 (size before relaxing)
 .debug_str     0x00000000000caac3      0x57b ./Core/Src/stm32f4xx_hal_timebase_tim.o
                                      0xc2468 (size before relaxing)
 .debug_str     0x00000000000cb03e       0xa2 ./Core/Src/stm32f4xx_it.o
                                      0xc24a0 (size before relaxing)
 .debug_str     0x00000000000cb0e0       0xaf ./Core/Src/system_stm32f4xx.o
                                      0xc19db (size before relaxing)
 .debug_str     0x00000000000cb18f       0x36 ./Core/Startup/startup_stm32f407vgtx.o
                                         0x70 (size before relaxing)
 .debug_str     0x00000000000cb1c5      0x542 ./Drivers/STM32F4xx_HAL_Driver/Src/stm32f4xx_hal.o
                                      0xc24bd (size before relaxing)
 .debug_str     0x00000000000cb707      0x392 ./Drivers/STM32F4xx_HAL_Driver/Src/stm32f4xx_hal_cortex.o
                                      0xc22ac (size before relaxing)
 .debug_str     0x00000000000cba99      0x15f ./Drivers/STM32F4xx_HAL_Driver/Src/stm32f4xx_hal_gpio.o
                                      0xc1b82 (size before relaxing)
 .debug_str     0x00000000000cbbf8      0x24f ./Drivers/STM32F4xx_HAL_Driver/Src/stm32f4xx_hal_rcc.o
                                      0xc1ddd (size before relaxing)
 .debug_str     0x00000000000cbe47      0xe4d ./Drivers/STM32F4xx_HAL_Driver/Src/stm32f4xx_hal_tim.o
                                      0xc2d0a (size before relaxing)
 .debug_str     0x00000000000ccc94      0x538 ./Drivers/STM32F4xx_HAL_Driver/Src/stm32f4xx_hal_tim_ex.o
                                      0xc24bb (size before relaxing)
 .debug_str     0x00000000000cd1cc      0x14e ./FreeRTOS/list.o
                                       0xab4e (size before relaxing)
 .debug_str     0x00000000000cd31a      0x941 ./FreeRTOS/queue.o
                                       0xc254 (size before relaxing)
 .debug_str     0x00000000000cdc5b     0x1b00 ./FreeRTOS/tasks.o
                                       0xceef (size before relaxing)
 .debug_str     0x00000000000cf75b      0x4fd ./FreeRTOS/timers.o
                                       0xc651 (size before relaxing)
 .debug_str     0x00000000000cfc58      0x7e0 ./FreeRTOS/portable/ARM_CM4F/port.o
                                       0x8689 (size before relaxing)
 .debug_str     0x00000000000d0438      0x232 ./FreeRTOS/portable/MemMang/heap_4.o
                                       0xb341 (size before relaxing)

.comment        0x0000000000000000       0x53
 .comment       0x0000000000000000       0x53 ./Core/Src/main.o
                                         0x54 (size before relaxing)
 .comment       0x0000000000000053       0x54 ./Core/Src/stm32f4xx_hal_msp.o
 .comment       0x0000000000000053       0x54 ./Core/Src/stm32f4xx_hal_timebase_tim.o
 .comment       0x0000000000000053       0x54 ./Core/Src/stm32f4xx_it.o
 .comment       0x0000000000000053       0x54 ./Core/Src/system_stm32f4xx.o
 .comment       0x0000000000000053       0x54 ./Drivers/STM32F4xx_HAL_Driver/Src/stm32f4xx_hal.o
 .comment       0x0000000000000053       0x54 ./Drivers/STM32F4xx_HAL_Driver/Src/stm32f4xx_hal_cortex.o
 .comment       0x0000000000000053       0x54 ./Drivers/STM32F4xx_HAL_Driver/Src/stm32f4xx_hal_gpio.o
 .comment       0x0000000000000053       0x54 ./Drivers/STM32F4xx_HAL_Driver/Src/stm32f4xx_hal_rcc.o
 .comment       0x0000000000000053       0x54 ./Drivers/STM32F4xx_HAL_Driver/Src/stm32f4xx_hal_tim.o
 .comment       0x0000000000000053       0x54 ./Drivers/STM32F4xx_HAL_Driver/Src/stm32f4xx_hal_tim_ex.o
 .comment       0x0000000000000053       0x54 ./FreeRTOS/list.o
 .comment       0x0000000000000053       0x54 ./FreeRTOS/queue.o
 .comment       0x0000000000000053       0x54 ./FreeRTOS/tasks.o
 .comment       0x0000000000000053       0x54 ./FreeRTOS/timers.o
 .comment       0x0000000000000053       0x54 ./FreeRTOS/portable/ARM_CM4F/port.o
 .comment       0x0000000000000053       0x54 ./FreeRTOS/portable/MemMang/heap_4.o

.debug_frame    0x0000000000000000     0x3b4c
 .debug_frame   0x0000000000000000       0xf8 ./Core/Src/main.o
 .debug_frame   0x00000000000000f8       0x38 ./Core/Src/stm32f4xx_hal_msp.o
 .debug_frame   0x0000000000000130       0x74 ./Core/Src/stm32f4xx_hal_timebase_tim.o
 .debug_frame   0x00000000000001a4       0xc4 ./Core/Src/stm32f4xx_it.o
 .debug_frame   0x0000000000000268       0x58 ./Core/Src/system_stm32f4xx.o
 .debug_frame   0x00000000000002c0      0x374 ./Drivers/STM32F4xx_HAL_Driver/Src/stm32f4xx_hal.o
 .debug_frame   0x0000000000000634      0x498 ./Drivers/STM32F4xx_HAL_Driver/Src/stm32f4xx_hal_cortex.o
 .debug_frame   0x0000000000000acc      0x14c ./Drivers/STM32F4xx_HAL_Driver/Src/stm32f4xx_hal_gpio.o
 .debug_frame   0x0000000000000c18      0x1f0 ./Drivers/STM32F4xx_HAL_Driver/Src/stm32f4xx_hal_rcc.o
 .debug_frame   0x0000000000000e08     0x11c4 ./Drivers/STM32F4xx_HAL_Driver/Src/stm32f4xx_hal_tim.o
 .debug_frame   0x0000000000001fcc      0x638 ./Drivers/STM32F4xx_HAL_Driver/Src/stm32f4xx_hal_tim_ex.o
 .debug_frame   0x0000000000002604       0xd8 ./FreeRTOS/list.o
 .debug_frame   0x00000000000026dc      0x530 ./FreeRTOS/queue.o
 .debug_frame   0x0000000000002c0c      0x854 ./FreeRTOS/tasks.o
 .debug_frame   0x0000000000003460      0x368 ./FreeRTOS/timers.o
 .debug_frame   0x00000000000037c8      0x1a8 ./FreeRTOS/portable/ARM_CM4F/port.o
 .debug_frame   0x0000000000003970      0x108 ./FreeRTOS/portable/MemMang/heap_4.o
 .debug_frame   0x0000000000003a78       0x2c c:/st/stm32cubeide_1.8.0/stm32cubeide/plugins/com.st.stm32cube.ide.mcu.externaltools.gnu-tools-for-stm32.9-2020-q2-update.win32_2.0.0.202105311346/tools/bin/../lib/gcc/arm-none-eabi/9.3.1/../../../../arm-none-eabi/lib/thumb/v7e-m+fp/hard\libc_nano.a(lib_a-init.o)
 .debug_frame   0x0000000000003aa4       0x28 c:/st/stm32cubeide_1.8.0/stm32cubeide/plugins/com.st.stm32cube.ide.mcu.externaltools.gnu-tools-for-stm32.9-2020-q2-update.win32_2.0.0.202105311346/tools/bin/../lib/gcc/arm-none-eabi/9.3.1/../../../../arm-none-eabi/lib/thumb/v7e-m+fp/hard\libc_nano.a(lib_a-memcpy-stub.o)
 .debug_frame   0x0000000000003acc       0x20 c:/st/stm32cubeide_1.8.0/stm32cubeide/plugins/com.st.stm32cube.ide.mcu.externaltools.gnu-tools-for-stm32.9-2020-q2-update.win32_2.0.0.202105311346/tools/bin/../lib/gcc/arm-none-eabi/9.3.1/../../../../arm-none-eabi/lib/thumb/v7e-m+fp/hard\libc_nano.a(lib_a-memset.o)
 .debug_frame   0x0000000000003aec       0x2c c:/st/stm32cubeide_1.8.0/stm32cubeide/plugins/com.st.stm32cube.ide.mcu.externaltools.gnu-tools-for-stm32.9-2020-q2-update.win32_2.0.0.202105311346/tools/bin/../lib/gcc/arm-none-eabi/9.3.1/thumb/v7e-m+fp/hard\libgcc.a(_aeabi_uldivmod.o)
 .debug_frame   0x0000000000003b18       0x34 c:/st/stm32cubeide_1.8.0/stm32cubeide/plugins/com.st.stm32cube.ide.mcu.externaltools.gnu-tools-for-stm32.9-2020-q2-update.win32_2.0.0.202105311346/tools/bin/../lib/gcc/arm-none-eabi/9.3.1/thumb/v7e-m+fp/hard\libgcc.a(_udivmoddi4.o)
